0.4 0.9; -106.58018925 115.2 -8.37235461 -99.90175543; 0.2 0.2 0.2 0.2
0.4 0.9; -126.38018925 -45.0 -30.0 -30.0; 0.1 0.1 0.1 0.1
0.4 0.9; -135.0 -45.0 -30.0 10.05615802; 0.1 0.1 0.1 0.1
0.4 0.9; -135.0 -45.0 28.31007809 -30.0; 0.1 0.1 0.1 0.1
0.4 0.9; -115.2 115.2 -8.37235461 -99.90175543; 0.2 0.2 0.2 0.2
0.4 0.9; -135.0 -36.38018925 -30.0 -30.0; 0.1 0.1 0.1 0.1
0.4 0.9; -115.2 115.2 -7.35805603 -99.90175543; 0.2 0.2 0.2 0.2
0.4 0.9; -133.98570142 -45.0 -30.0 -30.0; 0.1 0.1 0.1 0.1
0.4 0.9; -78.71851906 -45.0 -30.0 -30.0; 0.1 0.1 0.1 0.1
0.4 0.9; -135.0 -45.0 -30.0 -30.0; 0.1 0.1 0.1 0.1
0.4 0.9; -115.2 115.2 -8.37235461 -98.88745686; 0.2 0.2 0.2 0.2
0.4 0.9; -135.0 -45.0 27.29577951 -30.0; 0.1 0.1 0.1 0.1
0.4 0.9; -115.2 115.2 -8.37235461 105.45052753; 0.2 0.2 0.2 0.2
0.4 0.9; -135.0 126.88733854 -30.0 -30.0; 0.1 0.1 0.1 0.1
0.4 0.9; -135.0 -45.0 -30.0 -13.77467708; 0.1 0.1 0.1 0.1
0.4 0.9; -114.18570142 115.2 -8.37235461 -99.90175543; 0.2 0.2 0.2 0.2
0.4 0.9; -135.0 -45.0 -30.0 -143.57726045; 0.1 0.1 0.1 0.1
0.4 0.9; -135.0 -45.0 -30.0 -145.6058576; 0.1 0.1 0.1 0.1
0.4 0.9; -115.2 115.2 -8.37235461 87.19660745; 0.2 0.2 0.2 0.2
0.4 0.9; -135.0 -45.0 52.14091318 -30.0; 0.1 0.1 0.1 0.1
0.4 0.9; -135.0 -37.39448783 -30.0 -30.0; 0.1 0.1 0.1 0.1
0.4 0.9; -115.2 115.2 -8.37235461 137.90117337; 0.2 0.2 0.2 0.2
0.4 0.9; -135.0 -45.0 -30.0 99.80258337; 0.1 0.1 0.1 0.1
0.4 0.9; -135.0 -45.0 -30.0 99.80258337; 0.1 0.1 0.1 0.1
0.4 0.9; -135.0 144.12696004 -30.0 -30.0; 0.1 0.1 0.1 0.1
0.4 0.9; -115.2 115.2 -8.37235461 72.99988168; 0.2 0.2 0.2 0.2
0.4 0.9; -115.2 115.2 -8.37235461 -25.36635442; 0.2 0.2 0.2 0.2
0.4 0.9; -135.0 -45.0 -30.0 140.87303996; 0.1 0.1 0.1 0.1
0.4 0.9; -135.0 -36.38018925 -30.0 -30.0; 0.1 0.1 0.1 0.1
0.4 0.9; -135.0 -45.0 -30.0 85.6058576; 0.1 0.1 0.1 0.1
0.4 0.9; -135.0 -45.0 134.28182637 -30.0; 0.1 0.1 0.1 0.1
0.4 0.9; -135.0 -45.0 3.46494442 -30.0; 0.1 0.1 0.1 0.1
0.4 0.9; -135.0 -45.0 -30.0 -63.46494442; 0.1 0.1 0.1 0.1
0.4 0.9; -135.0 -46.01429858 -30.0 -30.0; 0.1 0.1 0.1 0.1
0.4 0.9; -115.2 115.2 64.13444925 -99.90175543; 0.2 0.2 0.2 0.2
0.4 0.9; -94.94384198 -45.0 -30.0 -30.0; 0.1 0.1 0.1 0.1
0.4 0.9; -135.0 -45.0 -30.0 -38.61981075; 0.1 0.1 0.1 0.1
0.4 0.9; -115.2 115.2 -8.37235461 63.36577236; 0.2 0.2 0.2 0.2
0.4 0.9; -115.2 115.2 -8.37235461 -33.98616517; 0.2 0.2 0.2 0.2
0.4 0.9; -135.0 159.33798438 -30.0 -30.0; 0.1 0.1 0.1 0.1
0.4 0.9; -135.0 -45.0 -30.0 -45.21102435; 0.1 0.1 0.1 0.1
0.4 0.9; -115.2 115.2 -8.37235461 -99.90175543; 0.2 0.2 0.2 0.2
0.4 0.9; -115.2 115.2 56.52893708 -99.90175543; 0.2 0.2 0.2 0.2
0.4 0.9; -115.2 115.2 -7.35805603 -99.90175543; 0.2 0.2 0.2 0.2
0.4 0.9; -135.0 -45.0 -22.39448783 -30.0; 0.1 0.1 0.1 0.1
0.4 0.9; -135.0 134.49285071 -30.0 -30.0; 0.1 0.1 0.1 0.1
0.4 0.9; -135.0 -45.0 -30.0 149.49285071; 0.1 0.1 0.1 0.1
0.4 0.9; -135.0 -45.0 -30.0 11.07045659; 0.1 0.1 0.1 0.1
0.4 0.9; -115.2 115.2 -8.37235461 144.49238697; 0.2 0.2 0.2 0.2
0.4 0.9; -114.18570142 115.2 -8.37235461 -99.90175543; 0.2 0.2 0.2 0.2
0.4 0.9; -135.0 -45.0 -30.0 -62.45064584; 0.1 0.1 0.1 0.1
0.4 0.9; -78.71851906 -45.0 -30.0 -30.0; 0.1 0.1 0.1 0.1
0.4 0.9; -115.2 115.2 -8.37235461 -43.62027449; 0.2 0.2 0.2 0.2
0.4 0.9; -135.0 -45.0 -30.0 -160.81688195; 0.1 0.1 0.1 0.1
0.4 0.9; -115.2 115.2 -7.35805603 -99.90175543; 0.2 0.2 0.2 0.2
0.4 0.9; -135.0 -45.0 -30.0 -47.2396215; 0.1 0.1 0.1 0.1
0.4 0.9; -135.0 -45.0 -30.0 142.90163711; 0.1 0.1 0.1 0.1
0.4 0.9; -115.2 115.2 -9.38665318 -99.90175543; 0.2 0.2 0.2 0.2
0.4 0.9; -115.2 115.2 -8.37235461 72.99988168; 0.2 0.2 0.2 0.2
0.4 0.9; -135.0 -45.0 -30.0 99.80258337; 0.1 0.1 0.1 0.1
0.4 0.9; -135.0 -45.0 -46.22532292 -30.0; 0.1 0.1 0.1 0.1
0.4 0.9; -135.0 -45.0 -30.0 27.29577951; 0.1 0.1 0.1 0.1
0.4 0.9; -135.0 -45.0 51.12661461 -30.0; 0.1 0.1 0.1 0.1
0.4 0.9; -115.2 131.42532292 -8.37235461 -99.90175543; 0.2 0.2 0.2 0.2
0.4 0.9; -135.0 -45.0 -30.0 -47.2396215; 0.1 0.1 0.1 0.1
0.4 0.9; -135.0 -45.0 -38.61981075 -30.0; 0.1 0.1 0.1 0.1
0.4 0.9; -101.53505558 -45.0 -30.0 -30.0; 0.1 0.1 0.1 0.1
0.4 0.9; -135.0 -45.0 -30.0 18.67596876; 0.1 0.1 0.1 0.1
0.4 0.9; -115.2 115.2 -8.37235461 63.36577236; 0.2 0.2 0.2 0.2
0.4 0.9; -135.0 -45.0 60.76072393 -30.0; 0.1 0.1 0.1 0.1
0.4 0.9; -135.0 134.49285071 -30.0 -30.0; 0.1 0.1 0.1 0.1
0.4 0.9; -115.2 115.2 -8.37235461 -92.29624326; 0.2 0.2 0.2 0.2
0.4 0.9; -115.2 115.2 -8.37235461 54.74596161; 0.2 0.2 0.2 0.2
0.4 0.9; -115.2 115.2 -8.37235461 88.21090603; 0.2 0.2 0.2 0.2
0.4 0.9; -135.0 -45.0 -30.0 35.91559026; 0.1 0.1 0.1 0.1
0.4 0.9; -106.58018925 115.2 -8.37235461 -99.90175543; 0.2 0.2 0.2 0.2
0.4 0.9; -115.2 115.2 -8.37235461 -51.22578667; 0.2 0.2 0.2 0.2
0.4 0.9; -115.2 115.2 -8.37235461 71.98558311; 0.2 0.2 0.2 0.2
0.4 0.9; -115.2 115.2 -8.37235461 120.66155187; 0.2 0.2 0.2 0.2
0.4 0.9; -135.0 -45.0 26.28148094 -30.0; 0.1 0.1 0.1 0.1
0.4 0.9; -135.0 -45.0 68.3662361 -30.0; 0.1 0.1 0.1 0.1
0.4 0.9; -115.2 115.2 -8.37235461 54.74596161; 0.2 0.2 0.2 0.2
0.4 0.9; -135.0 -45.0 -30.0 -47.2396215; 0.1 0.1 0.1 0.1
0.4 0.9; -135.0 -45.0 -30.0 -94.90129169; 0.1 0.1 0.1 0.1
0.4 0.9; -135.0 -45.0 158.11266146 -30.0; 0.1 0.1 0.1 0.1
0.4 0.9; -135.0 -45.0 -30.0 142.90163711; 0.1 0.1 0.1 0.1
0.4 0.9; -135.0 -45.0 42.50680386 -30.0; 0.1 0.1 0.1 0.1
0.4 0.9; -135.0 159.33798438 -30.0 -30.0; 0.1 0.1 0.1 0.1
0.4 0.9; -135.0 -43.98570142 -30.0 -30.0; 0.1 0.1 0.1 0.1
0.4 0.9; -115.2 115.2 -0.76684244 -99.90175543; 0.2 0.2 0.2 0.2
0.4 0.9; -82.74935416 115.2 -8.37235461 -99.90175543; 0.2 0.2 0.2 0.2
0.4 0.9; -115.2 116.21429858 -8.37235461 -99.90175543; 0.2 0.2 0.2 0.2
0.4 0.9; -115.2 115.2 -8.37235461 121.67585045; 0.2 0.2 0.2 0.2
0.4 0.9; -135.0 -45.0 76.98604685 -30.0; 0.1 0.1 0.1 0.1
0.4 0.9; -135.0 125.87303996 -30.0 -30.0; 0.1 0.1 0.1 0.1
0.4 0.9; -115.2 115.2 65.14874783 -99.90175543; 0.2 0.2 0.2 0.2
0.4 0.9; -115.2 115.2 -8.37235461 -76.07092034; 0.2 0.2 0.2 0.2
0.4 0.9; -135.0 -45.0 -30.0 -13.77467708; 0.1 0.1 0.1 0.1
0.4 0.9; -135.0 -45.0 -45.21102435 -30.0; 0.1 0.1 0.1 0.1
0.4 0.9; -135.0 -45.0 42.50680386 -30.0; 0.1 0.1 0.1 0.1
0.4 0.1; 108.0 -108.0 -21.69562361 134.97056745; 0.2 0.2 0.2 0.2
0.4 0.1; 57.6 -57.6 55.90316789 44.5974891; 0.2 0.1 0.1 0.1
0.4 0.1; 10.8 0.0 -17.86621525 -158.77772696; 0.2 0.1 0.1 0.2
0.4 0.1; 14.4 -14.4 99.689164 -139.64617022; 0.1 0.1 0.1 0.2
0.4 0.1; 82.8 -82.8 6.25289354 -45.30112937; 0.1 0.1 0.2 0.2
0.4 0.1; 104.4 -14.4 104.5403541 80.75650475; 0.1 0.1 0.2 0.2
0.4 0.1; 50.4 -61.2 73.67634332 48.19192367; 0.2 0.1 0.2 0.2
0.4 0.1; 7.2 10.8 57.77826601 7.10578545; 0.1 0.2 0.2 0.2
0.4 0.1; 14.4 -3.6 39.50819883 16.44057892; 0.1 0.2 0.2 0.2
0.4 0.1; 72.0 -64.8 59.1365699 25.71667926; 0.2 0.2 0.2 0.2
0.4 0.1; 46.8 -25.2 47.24270539 12.16499302; 0.2 0.1 0.2 0.2
0.4 0.1; 104.4 -68.4 -20.25283377 99.22264726; 0.1 0.2 0.2 0.2
0.4 0.1; 0.0 0.0 158.95501102 -41.94145775; 0.1 0.1 0.2 0.2
0.4 0.1; 140.4 -140.4 97.54225512 -84.0211402; 0.2 0.1 0.1 0.1
0.4 0.1; 151.2 -111.6 149.91407743 84.97582933; 0.1 0.1 0.2 0.1
0.4 0.1; 75.6 36.0 85.31674013 74.02558538; 0.1 0.1 0.2 0.2
0.4 0.1; 14.4 -14.4 63.68705473 37.99995688; 0.1 0.1 0.2 0.2
0.4 0.1; 32.4 -32.4 55.34509166 95.48131022; 0.1 0.1 0.1 0.2
0.4 0.1; 151.2 -151.2 106.01304697 42.08119097; 0.1 0.1 0.1 0.2
0.4 0.1; 43.2 -43.2 -17.88903238 89.26371007; 0.2 0.1 0.2 0.2
0.4 0.1; 68.4 -61.2 13.3911521 137.64708923; 0.1 0.1 0.2 0.2
0.4 0.1; 126.0 -126.0 -84.09341077 41.76780434; 0.2 0.1 0.1 0.1
0.4 0.1; 86.4 -82.8 -9.51226462 18.77386814; 0.1 0.1 0.2 0.2
0.4 0.1; 115.2 -115.2 139.52545152 31.9359139; 0.1 0.1 0.2 0.2
0.4 0.1; 86.4 79.2 68.09620978 37.85870804; 0.2 0.1 0.2 0.1
0.4 0.9; -115.2 115.2 -8.37235461 -99.90175543; 0.2 0.2 0.2 0.2
0.4 0.9; -135.0 -45.0 -30.0 -30.0; 0.1 0.1 0.1 0.1
0.4 0.9; -115.2 115.2 -8.37235461 30.91512652; 0.2 0.2 0.2 0.2
0.4 0.9; -94.94384198 -45.0 -30.0 -30.0; 0.1 0.1 0.1 0.1
0.4 0.9; -135.0 -45.0 -30.0 28.31007809; 0.1 0.1 0.1 0.1
0.4 0.9; -135.0 -45.0 134.28182637 -30.0; 0.1 0.1 0.1 0.1
0.4 0.9; -115.2 115.2 -8.37235461 -75.05662176; 0.2 0.2 0.2 0.2
0.4 0.9; -135.0 -45.0 -30.0 141.88733854; 0.1 0.1 0.1 0.1
0.4 0.9; -115.2 115.2 6.83866974 -99.90175543; 0.2 0.2 0.2 0.2
0.4 0.9; -135.0 -45.0 -30.0 142.90163711; 0.1 0.1 0.1 0.1
0.4 0.9; -135.0 -45.0 19.69026734 -30.0; 0.1 0.1 0.1 0.1
0.4 0.9; -90.35486633 115.2 -8.37235461 -99.90175543; 0.2 0.2 0.2 0.2
0.4 0.9; -135.0 -45.0 -30.0 99.80258337; 0.1 0.1 0.1 0.1
0.4 0.9; -135.0 127.90163711 -30.0 -30.0; 0.1 0.1 0.1 0.1
0.4 0.9; -135.0 -21.16916491 -30.0 -30.0; 0.1 0.1 0.1 0.1
0.4 0.9; -135.0 -45.0 68.3662361 -30.0; 0.1 0.1 0.1 0.1
0.4 0.9; -135.0 -45.0 28.31007809 -30.0; 0.1 0.1 0.1 0.1
0.4 0.9; -135.0 -45.0 -30.0 141.88733854; 0.1 0.1 0.1 0.1
0.4 0.9; -135.0 -45.0 -30.0 27.29577951; 0.1 0.1 0.1 0.1
0.4 0.9; -135.0 -45.0 -28.98570142 -30.0; 0.1 0.1 0.1 0.1
0.4 0.9; -115.2 115.2 -8.37235461 96.83071678; 0.2 0.2 0.2 0.2
0.4 0.9; -115.2 115.2 -8.37235461 30.91512652; 0.2 0.2 0.2 0.2
0.4 0.9; -127.39448783 -45.0 -30.0 -30.0; 0.1 0.1 0.1 0.1
0.4 0.9; -115.2 115.2 -8.37235461 -50.21148809; 0.2 0.2 0.2 0.2
0.4 0.9; -98.97467708 115.2 -8.37235461 -99.90175543; 0.2 0.2 0.2 0.2
0.4 0.9; -135.0 -45.0 -30.0 -21.38018925; 0.1 0.1 0.1 0.1
0.4 0.9; -115.2 115.2 -8.37235461 -26.380653; 0.2 0.2 0.2 0.2
0.4 0.9; -115.2 115.2 -8.37235461 162.74630704; 0.2 0.2 0.2 0.2
0.4 0.9; -135.0 -45.0 -30.0 -86.28148094; 0.1 0.1 0.1 0.1
0.4 0.9; -135.0 -45.0 2.45064584 -30.0; 0.1 0.1 0.1 0.1
0.4 0.9; -115.2 115.2 -8.37235461 104.43622895; 0.2 0.2 0.2 0.2
0.4 0.9; -117.7603785 -45.0 -30.0 -30.0; 0.1 0.1 0.1 0.1
0.4 0.9; -135.0 -45.0 -30.0 85.6058576; 0.1 0.1 0.1 0.1
0.4 0.9; -135.0 -45.0 -30.0 -144.59155903; 0.1 0.1 0.1 0.1
0.4 0.9; -115.2 115.2 57.54323565 -99.90175543; 0.2 0.2 0.2 0.2
0.4 0.9; -115.2 115.2 -8.37235461 -99.90175543; 0.2 0.2 0.2 0.2
0.4 0.9; -115.2 115.2 -8.37235461 -66.43681101; 0.2 0.2 0.2 0.2
0.4 0.9; -115.2 115.2 -8.37235461 -51.22578667; 0.2 0.2 0.2 0.2
0.4 0.9; -115.2 115.2 25.09258981 -99.90175543; 0.2 0.2 0.2 0.2
0.4 0.9; -135.0 -45.0 -30.0 -144.59155903; 0.1 0.1 0.1 0.1
0.4 0.9; -115.2 115.2 47.90912633 -99.90175543; 0.2 0.2 0.2 0.2
0.4 0.9; -115.2 115.2 -8.37235461 -43.62027449; 0.2 0.2 0.2 0.2
0.4 0.9; -135.0 -45.0 -30.0 -30.0; 0.1 0.1 0.1 0.1
0.4 0.9; -135.0 -45.0 -37.60551217 -30.0; 0.1 0.1 0.1 0.1
0.4 0.9; -135.0 -45.0 -30.0 2.45064584; 0.1 0.1 0.1 0.1
0.4 0.9; -135.0 -45.0 -30.0 140.87303996; 0.1 0.1 0.1 0.1
0.4 0.9; -135.0 -45.0 -30.0 -46.22532292; 0.1 0.1 0.1 0.1
0.4 0.9; -135.0 134.49285071 -30.0 -30.0; 0.1 0.1 0.1 0.1
0.4 0.9; -135.0 -45.0 -30.0 84.59155903; 0.1 0.1 0.1 0.1
0.4 0.9; -115.2 115.2 -8.37235461 87.19660745; 0.2 0.2 0.2 0.2
0.4 0.9; -135.0 12.29577951 -30.0 -30.0; 0.1 0.1 0.1 0.1
0.4 0.9; -135.0 -45.0 -30.0 -30.0; 0.1 0.1 0.1 0.1
0.4 0.9; -135.0 -45.0 -30.0 52.14091318; 0.1 0.1 0.1 0.1
0.4 0.9; -135.0 -45.0 43.52110243 -30.0; 0.1 0.1 0.1 0.1
0.4 0.9; -135.0 -27.7603785 -30.0 -30.0; 0.1 0.1 0.1 0.1
0.4 0.9; -115.2 132.4396215 -8.37235461 -99.90175543; 0.2 0.2 0.2 0.2
0.4 0.9; -115.2 115.2 -8.37235461 129.28136262; 0.2 0.2 0.2 0.2
0.4 0.9; -115.2 115.2 -8.37235461 71.98558311; 0.2 0.2 0.2 0.2
0.4 0.9; -135.0 -45.0 -30.0 -12.7603785; 0.1 0.1 0.1 0.1
0.4 0.9; -135.0 160.35228296 -30.0 -30.0; 0.1 0.1 0.1 0.1
0.4 0.9; -135.0 -45.0 -30.0 150.50714929; 0.1 0.1 0.1 0.1
0.4 0.9; -115.2 115.2 -8.37235461 104.43622895; 0.2 0.2 0.2 0.2
0.4 0.9; -135.0 -45.0 3.46494442 -30.0; 0.1 0.1 0.1 0.1
0.4 0.9; -135.0 -45.0 -30.0 108.42239412; 0.1 0.1 0.1 0.1
0.4 0.9; -135.0 -11.53505558 -30.0 -30.0; 0.1 0.1 0.1 0.1
0.4 0.9; -115.2 115.2 -8.37235461 72.99988168; 0.2 0.2 0.2 0.2
0.4 0.9; -115.2 115.2 -8.37235461 -91.28194468; 0.2 0.2 0.2 0.2
0.4 0.9; -115.2 115.2 -8.37235461 128.26706404; 0.2 0.2 0.2 0.2
0.4 0.9; -135.0 134.49285071 -30.0 -30.0; 0.1 0.1 0.1 0.1
0.4 0.9; -86.32403124 -45.0 -30.0 -30.0; 0.1 0.1 0.1 0.1
0.4 0.9; -135.0 -45.0 134.28182637 -30.0; 0.1 0.1 0.1 0.1
0.4 0.9; -135.0 126.88733854 -30.0 -30.0; 0.1 0.1 0.1 0.1
0.4 0.9; -135.0 -45.0 26.28148094 -30.0; 0.1 0.1 0.1 0.1
0.4 0.9; -135.0 -45.0 -30.0 26.28148094; 0.1 0.1 0.1 0.1
0.4 0.9; -135.0 -45.0 59.74642536 -30.0; 0.1 0.1 0.1 0.1
0.4 0.9; -135.0 143.11266146 -30.0 -30.0; 0.1 0.1 0.1 0.1
0.4 0.9; -135.0 -45.0 -30.0 83.57726045; 0.1 0.1 0.1 0.1
0.4 0.9; -135.0 -45.0 -30.0 -31.01429858; 0.1 0.1 0.1 0.1
0.4 0.9; -135.0 -46.01429858 -30.0 -30.0; 0.1 0.1 0.1 0.1
0.4 0.9; -135.0 -45.0 44.53540101 -30.0; 0.1 0.1 0.1 0.1
0.4 0.9; -115.2 115.2 66.1630464 -99.90175543; 0.2 0.2 0.2 0.2
0.4 0.9; -115.2 115.2 66.1630464 -99.90175543; 0.2 0.2 0.2 0.2
0.4 0.9; -135.0 -45.0 -28.98570142 -30.0; 0.1 0.1 0.1 0.1
0.4 0.9; -135.0 -45.0 -30.0 -12.7603785; 0.1 0.1 0.1 0.1
0.4 0.9; -135.0 -45.0 -30.0 -12.7603785; 0.1 0.1 0.1 0.1
0.4 0.9; -115.2 115.2 -8.37235461 -58.83129884; 0.2 0.2 0.2 0.2
0.4 0.9; -126.38018925 -45.0 -30.0 -30.0; 0.1 0.1 0.1 0.1
0.4 0.9; -99.98897565 115.2 -8.37235461 -99.90175543; 0.2 0.2 0.2 0.2
0.4 0.9; -115.2 115.2 -8.37235461 120.66155187; 0.2 0.2 0.2 0.2
0.4 0.9; -135.0 -45.0 -30.0 -45.21102435; 0.1 0.1 0.1 0.1
0.4 0.9; -135.0 127.90163711 -30.0 -30.0; 0.1 0.1 0.1 0.1
0.4 0.9; -135.0 -45.0 59.74642536 -30.0; 0.1 0.1 0.1 0.1
0.4 0.9; -118.77467708 -45.0 -30.0 -30.0; 0.1 0.1 0.1 0.1
0.4 0.9; -135.0 -45.0 35.91559026 -30.0; 0.1 0.1 0.1 0.1
0.4 0.9; -135.0 -45.0 3.46494442 -30.0; 0.1 0.1 0.1 0.1
0.4 0.9; -93.92954341 -45.0 -30.0 -30.0; 0.1 0.1 0.1 0.1
0.4 0.9; -135.0 -45.0 34.90129169 -30.0; 0.1 0.1 0.1 0.1
0.4 0.9; -135.0 -45.0 -30.0 93.21136977; 0.1 0.1 0.1 0.1
0.4 0.9; -135.0 -45.0 -30.0 -161.83118052; 0.1 0.1 0.1 0.1
0.4 0.9; -135.0 -45.0 51.12661461 -30.0; 0.1 0.1 0.1 0.1
0.4 0.9; -135.0 -45.0 60.76072393 -30.0; 0.1 0.1 0.1 0.1
0.4 0.9; -135.0 -45.0 3.46494442 -30.0; 0.1 0.1 0.1 0.1
0.4 0.1; 147.6 -144.0 9.32977991 96.06656236; 0.1 0.2 0.2 0.2
0.4 0.1; 108.0 -104.4 -12.57373246 125.83101463; 0.2 0.2 0.2 0.2
0.4 0.1; 25.2 -25.2 -154.6478977 151.91961797; 0.1 0.1 0.1 0.1
0.4 0.1; 140.4 -140.4 24.87896598 -74.73392338; 0.1 0.1 0.2 0.2
0.4 0.1; 46.8 -46.8 24.95786107 -79.1943225; 0.1 0.1 0.2 0.2
0.4 0.1; 61.2 75.6 46.0911105 94.13575182; 0.1 0.1 0.2 0.2
0.4 0.1; 82.8 -75.6 58.21056063 38.8241423; 0.1 0.2 0.2 0.2
0.4 0.1; 93.6 -90.0 50.01846659 21.49677209; 0.1 0.2 0.2 0.2
0.4 0.1; 21.6 -21.6 44.09990162 25.28452752; 0.2 0.1 0.2 0.2
0.4 0.1; 64.8 -36.0 37.27030848 14.03399964; 0.1 0.2 0.2 0.2
0.4 0.1; 104.4 -100.8 15.92819931 98.29948036; 0.2 0.2 0.2 0.2
0.4 0.1; 82.8 -64.8 162.436528 -12.81523684; 0.2 0.1 0.1 0.1
0.4 0.1; -180.0 -162.0 -1.37864753 91.11493041; 0.1 0.1 0.1 0.2
0.4 0.1; 10.8 162.0 11.62731388 85.79382442; 0.1 0.1 0.2 0.1
0.4 0.1; 43.2 111.6 38.25060382 85.57802839; 0.2 0.2 0.2 0.2
0.4 0.1; 36.0 111.6 26.86562764 96.27889387; 0.1 0.1 0.2 0.2
0.4 0.1; 97.2 -97.2 39.13226522 80.07855577; 0.1 0.2 0.2 0.2
0.4 0.1; 154.8 -154.8 -25.70301429 98.98669723; 0.2 0.1 0.1 0.2
0.4 0.1; 32.4 32.4 109.05004346 -2.74530493; 0.2 0.1 0.2 0.2
0.4 0.1; 36.0 -28.8 3.20463164 41.57967585; 0.1 0.1 0.2 0.2
0.4 0.1; 115.2 -111.6 -89.96672639 140.73445299; 0.2 0.1 0.1 0.2
0.4 0.1; 75.6 -72.0 -69.65656761 -104.30517357; 0.1 0.1 0.1 0.1
0.4 0.1; 111.6 -108.0 32.85255997 -64.60608607; 0.1 0.2 0.2 0.2
0.4 0.1; 61.2 25.2 111.56878288 -56.38225749; 0.1 0.1 0.2 0.2
0.4 0.1; 140.4 -82.8 147.53315186 67.46511966; 0.1 0.1 0.2 0.1
0.4 0.9; -115.2 115.2 -8.37235461 -99.90175543; 0.2 0.2 0.2 0.2
0.4 0.9; -135.0 -45.0 -30.0 -30.0; 0.1 0.1 0.1 0.1
0.4 0.9; -135.0 -45.0 -30.0 83.57726045; 0.1 0.1 0.1 0.1
0.4 0.9; -115.2 115.2 -8.37235461 87.19660745; 0.2 0.2 0.2 0.2
0.4 0.9; -135.0 -20.15486633 -30.0 -30.0; 0.1 0.1 0.1 0.1
0.4 0.9; -135.0 -45.0 -30.0 83.57726045; 0.1 0.1 0.1 0.1
0.4 0.9; -135.0 13.31007809 -30.0 -30.0; 0.1 0.1 0.1 0.1
0.4 0.9; -135.0 -4.94384198 -30.0 -30.0; 0.1 0.1 0.1 0.1
0.4 0.9; -135.0 -45.0 -21.38018925 -30.0; 0.1 0.1 0.1 0.1
0.4 0.9; -115.2 115.2 0.24745614 -99.90175543; 0.2 0.2 0.2 0.2
0.4 0.9; -135.0 -45.0 -30.0 10.05615802; 0.1 0.1 0.1 0.1
0.4 0.9; -135.0 -53.61981075 -30.0 -30.0; 0.1 0.1 0.1 0.1
0.4 0.9; -135.0 13.31007809 -30.0 -30.0; 0.1 0.1 0.1 0.1
0.4 0.9; -135.0 -45.0 -30.0 -30.0; 0.1 0.1 0.1 0.1
0.4 0.9; -135.0 -45.0 -30.0 -28.98570142; 0.1 0.1 0.1 0.1
0.4 0.9; -115.2 115.2 -8.37235461 31.92942509; 0.2 0.2 0.2 0.2
0.4 0.9; -78.71851906 -45.0 -30.0 -30.0; 0.1 0.1 0.1 0.1
0.4 0.9; -114.18570142 115.2 -8.37235461 -99.90175543; 0.2 0.2 0.2 0.2
0.4 0.9; -115.2 115.2 -8.37235461 -50.21148809; 0.2 0.2 0.2 0.2
0.4 0.9; -115.2 123.81981075 -8.37235461 -99.90175543; 0.2 0.2 0.2 0.2
0.4 0.9; -115.2 115.2 -8.37235461 145.50668554; 0.2 0.2 0.2 0.2
0.4 0.9; -135.0 -45.0 -30.0 -144.59155903; 0.1 0.1 0.1 0.1
0.4 0.9; -135.0 -28.77467708 -30.0 -30.0; 0.1 0.1 0.1 0.1
0.4 0.9; -115.2 115.2 -8.37235461 71.98558311; 0.2 0.2 0.2 0.2
0.4 0.9; -135.0 12.29577951 -30.0 -30.0; 0.1 0.1 0.1 0.1
0.4 0.9; -115.2 115.2 47.90912633 -99.90175543; 0.2 0.2 0.2 0.2
0.4 0.9; -115.2 115.2 -8.37235461 72.99988168; 0.2 0.2 0.2 0.2
0.4 0.9; -135.0 -45.0 -30.0 -38.61981075; 0.1 0.1 0.1 0.1
0.4 0.9; -135.0 -45.0 -30.0 3.46494442; 0.1 0.1 0.1 0.1
0.4 0.9; -135.0 -45.0 -30.0 75.97174828; 0.1 0.1 0.1 0.1
0.4 0.9; -115.2 115.2 -8.37235461 -99.90175543; 0.2 0.2 0.2 0.2
0.4 0.9; -115.2 115.2 -8.37235461 -99.90175543; 0.2 0.2 0.2 0.2
0.4 0.9; -115.2 115.2 -8.37235461 -92.29624326; 0.2 0.2 0.2 0.2
0.4 0.9; -135.0 -45.0 -30.0 99.80258337; 0.1 0.1 0.1 0.1
0.4 0.9; -135.0 -45.0 -30.0 -22.39448783; 0.1 0.1 0.1 0.1
0.4 0.9; -135.0 -45.0 134.28182637 -30.0; 0.1 0.1 0.1 0.1
0.4 0.9; -135.0 -45.0 -30.0 157.09836289; 0.1 0.1 0.1 0.1
0.4 0.9; -135.0 -21.16916491 -30.0 -30.0; 0.1 0.1 0.1 0.1
0.4 0.9; -82.74935416 115.2 -8.37235461 -99.90175543; 0.2 0.2 0.2 0.2
0.4 0.9; -135.0 -45.0 -30.0 -160.81688195; 0.1 0.1 0.1 0.1
0.4 0.9; -135.0 -45.0 140.87303996 -30.0; 0.1 0.1 0.1 0.1
0.4 0.9; -115.2 115.2 -7.35805603 -99.90175543; 0.2 0.2 0.2 0.2
0.4 0.9; -135.0 -45.0 -30.0 18.67596876; 0.1 0.1 0.1 0.1
0.4 0.9; -135.0 -45.0 -30.0 -136.98604685; 0.1 0.1 0.1 0.1
0.4 0.9; -135.0 -45.0 -30.0 11.07045659; 0.1 0.1 0.1 0.1
0.4 0.9; -135.0 -45.0 75.97174828 -30.0; 0.1 0.1 0.1 0.1
0.4 0.9; -115.2 115.2 -8.37235461 -99.90175543; 0.2 0.2 0.2 0.2
0.4 0.9; -115.2 115.2 -8.37235461 71.98558311; 0.2 0.2 0.2 0.2
0.4 0.9; -115.2 115.2 -8.37235461 -99.90175543; 0.2 0.2 0.2 0.2
0.4 0.9; -135.0 -45.0 -30.0 26.28148094; 0.1 0.1 0.1 0.1
0.4 0.9; -135.0 -45.0 -30.0 -14.78897565; 0.1 0.1 0.1 0.1
0.4 0.9; -135.0 -45.0 -30.0 84.59155903; 0.1 0.1 0.1 0.1
0.4 0.9; -135.0 -45.0 -30.0 -30.0; 0.1 0.1 0.1 0.1
0.4 0.9; -86.32403124 -45.0 -30.0 -30.0; 0.1 0.1 0.1 0.1
0.4 0.9; -98.97467708 115.2 -8.37235461 -99.90175543; 0.2 0.2 0.2 0.2
0.4 0.9; -135.0 -45.0 -30.0 -13.77467708; 0.1 0.1 0.1 0.1
0.4 0.9; -118.77467708 -45.0 -30.0 -30.0; 0.1 0.1 0.1 0.1
0.4 0.9; -135.0 -45.0 -22.39448783 -30.0; 0.1 0.1 0.1 0.1
0.4 0.9; -115.2 115.2 -8.37235461 -76.07092034; 0.2 0.2 0.2 0.2
0.4 0.9; -135.0 -45.0 -30.0 -88.31007809; 0.1 0.1 0.1 0.1
0.4 0.9; -115.2 115.2 -8.37235461 104.43622895; 0.2 0.2 0.2 0.2
0.4 0.9; -135.0 -45.0 142.90163711 -30.0; 0.1 0.1 0.1 0.1
0.4 0.9; -135.0 -45.0 -30.0 19.69026734; 0.1 0.1 0.1 0.1
0.4 0.9; -135.0 -21.16916491 -30.0 -30.0; 0.1 0.1 0.1 0.1
0.4 0.9; -101.53505558 -45.0 -30.0 -30.0; 0.1 0.1 0.1 0.1
0.4 0.9; -115.2 115.2 -8.37235461 48.15474801; 0.2 0.2 0.2 0.2
0.4 0.9; -90.35486633 115.2 -8.37235461 -99.90175543; 0.2 0.2 0.2 0.2
0.4 0.9; -115.2 115.2 -8.37235461 -18.77514082; 0.2 0.2 0.2 0.2
0.4 0.9; -115.2 115.2 -8.37235461 -76.07092034; 0.2 0.2 0.2 0.2
0.4 0.9; -135.0 -45.0 -30.0 -30.0; 0.1 0.1 0.1 0.1
0.4 0.9; -135.0 -45.0 27.29577951 -30.0; 0.1 0.1 0.1 0.1
0.4 0.9; -135.0 -45.0 -30.0 -6.16916491; 0.1 0.1 0.1 0.1
0.4 0.9; -115.2 115.2 -8.37235461 63.36577236; 0.2 0.2 0.2 0.2
0.4 0.9; -115.2 115.2 -8.37235461 -98.88745686; 0.2 0.2 0.2 0.2
0.4 0.9; -115.2 115.2 -8.37235461 -99.90175543; 0.2 0.2 0.2 0.2
0.4 0.9; -135.0 -45.0 -30.0 -5.15486633; 0.1 0.1 0.1 0.1
0.4 0.9; -135.0 -45.0 -14.78897565 -30.0; 0.1 0.1 0.1 0.1
0.4 0.9; -115.2 115.2 16.47277906 -99.90175543; 0.2 0.2 0.2 0.2
0.4 0.9; -135.0 -45.0 -30.0 -30.0; 0.1 0.1 0.1 0.1
0.4 0.9; -135.0 -45.0 -30.0 -62.45064584; 0.1 0.1 0.1 0.1
0.4 0.9; -135.0 -45.0 -22.39448783 -30.0; 0.1 0.1 0.1 0.1
0.4 0.9; -115.2 115.2 -8.37235461 -98.88745686; 0.2 0.2 0.2 0.2
0.4 0.9; -115.2 115.2 0.24745614 -99.90175543; 0.2 0.2 0.2 0.2
0.4 0.9; -115.2 115.2 0.24745614 -99.90175543; 0.2 0.2 0.2 0.2
0.4 0.9; -115.2 115.2 -9.38665318 -99.90175543; 0.2 0.2 0.2 0.2
0.4 0.9; -115.2 115.2 -0.76684244 -99.90175543; 0.2 0.2 0.2 0.2
0.4 0.9; -135.0 -45.0 34.90129169 -30.0; 0.1 0.1 0.1 0.1
0.4 0.9; -133.98570142 -45.0 -30.0 -30.0; 0.1 0.1 0.1 0.1
0.4 0.9; -115.2 115.2 -8.37235461 105.45052753; 0.2 0.2 0.2 0.2
0.4 0.9; -107.59448783 115.2 -8.37235461 -99.90175543; 0.2 0.2 0.2 0.2
0.4 0.9; -135.0 -45.0 -30.0 -37.60551217; 0.1 0.1 0.1 0.1
0.4 0.9; -111.16916491 -45.0 -30.0 -30.0; 0.1 0.1 0.1 0.1
0.4 0.9; -135.0 -45.0 -30.0 -70.05615802; 0.1 0.1 0.1 0.1
0.4 0.9; -135.0 -45.0 -30.0 125.66201562; 0.1 0.1 0.1 0.1
0.4 0.9; -115.2 115.2 -9.38665318 -99.90175543; 0.2 0.2 0.2 0.2
0.4 0.9; -135.0 -45.0 -30.0 19.69026734; 0.1 0.1 0.1 0.1
0.4 0.9; -135.0 -45.0 141.88733854 -30.0; 0.1 0.1 0.1 0.1
0.4 0.9; -135.0 -45.0 -30.0 -38.61981075; 0.1 0.1 0.1 0.1
0.4 0.9; -115.2 140.04513367 -8.37235461 -99.90175543; 0.2 0.2 0.2 0.2
0.4 0.9; -135.0 -45.0 -30.0 108.42239412; 0.1 0.1 0.1 0.1
0.4 0.9; -135.0 -45.0 -30.0 99.80258337; 0.1 0.1 0.1 0.1
0.4 0.9; -115.2 115.2 66.1630464 -99.90175543; 0.2 0.2 0.2 0.2
0.4 0.1; 10.8 -7.2 61.78209824 45.92973813; 0.1 0.1 0.2 0.1
0.4 0.1; 0.0 7.2 43.43707859 63.27207616; 0.1 0.1 0.2 0.2
0.4 0.1; 10.8 -7.2 -8.49836354 -162.69881815; 0.1 0.1 0.1 0.1
0.4 0.1; 61.2 -61.2 32.25142043 -117.65853005; 0.1 0.1 0.2 0.2
0.4 0.1; 18.0 -18.0 9.01145872 -51.25481556; 0.1 0.1 0.2 0.1
0.4 0.1; 32.4 126.0 5.00984328 106.65294839; 0.1 0.1 0.2 0.2
0.4 0.1; 86.4 -111.6 94.10977568 26.97079355; 0.2 0.2 0.2 0.2
0.4 0.1; 36.0 -36.0 49.14272232 49.28301297; 0.2 0.1 0.2 0.2
0.4 0.1; 79.2 -64.8 9.7578851 34.15333689; 0.1 0.2 0.2 0.2
0.4 0.1; 61.2 -54.0 75.79914121 2.93436869; 0.2 0.2 0.2 0.2
0.4 0.1; 46.8 -25.2 47.24270539 12.16499302; 0.2 0.1 0.2 0.2
0.4 0.1; 18.0 3.6 45.00344973 29.85652672; 0.1 0.1 0.2 0.2
0.4 0.1; 75.6 -75.6 95.55987012 68.89123205; 0.1 0.1 0.1 0.2
0.4 0.1; 118.8 -115.2 -5.14959281 128.99127967; 0.1 0.1 0.1 0.2
0.4 0.1; 28.8 136.8 23.28800972 85.71600114; 0.2 0.2 0.2 0.2
0.4 0.1; 64.8 90.0 38.01976182 77.27804882; 0.2 0.1 0.2 0.2
0.4 0.1; 39.6 115.2 18.02092641 100.57970165; 0.1 0.1 0.2 0.2
0.4 0.1; 158.4 -115.2 -35.62341607 84.16260394; 0.1 0.2 0.2 0.2
0.4 0.1; -180.0 -162.0 -15.44967027 95.5958819; 0.1 0.1 0.1 0.2
0.4 0.1; 61.2 -61.2 131.92684148 44.18276253; 0.1 0.1 0.2 0.2
0.4 0.1; 21.6 -18.0 13.58479301 37.31248865; 0.1 0.1 0.2 0.2
0.4 0.1; 50.4 -50.4 128.62310832 -119.0126232; 0.1 0.1 0.2 0.1
0.4 0.1; 10.8 14.4 -64.01070375 -140.1461342; 0.1 0.1 0.1 0.2
0.4 0.1; 14.4 -10.8 -10.97871376 92.71144994; 0.2 0.1 0.2 0.1
0.4 0.1; 46.8 39.6 101.96117934 -40.49611707; 0.1 0.1 0.2 0.2
0.4 0.1; 39.6 7.2 32.22076108 1.12437368; 0.2 0.2 0.2 0.2
0.4 0.1; 115.2 21.6 81.14994722 87.41707349; 0.2 0.1 0.2 0.2
0.4 0.9; -115.2 115.2 -8.37235461 -99.90175543; 0.2 0.2 0.2 0.2
0.4 0.9; -135.0 -45.0 -30.0 -30.0; 0.1 0.1 0.1 0.1
0.4 0.9; -91.36916491 115.2 -8.37235461 -99.90175543; 0.2 0.2 0.2 0.2
0.4 0.9; -135.0 135.50714929 -30.0 -30.0; 0.1 0.1 0.1 0.1
0.4 0.9; -115.2 115.2 -8.37235461 64.38007093; 0.2 0.2 0.2 0.2
0.4 0.9; -135.0 -45.0 -30.0 -152.1970712; 0.1 0.1 0.1 0.1
0.4 0.9; -135.0 -45.0 -30.0 11.07045659; 0.1 0.1 0.1 0.1
0.4 0.9; -115.2 115.2 -9.38665318 -99.90175543; 0.2 0.2 0.2 0.2
0.4 0.9; -135.0 -3.92954341 -30.0 -30.0; 0.1 0.1 0.1 0.1
0.4 0.9; -135.0 -3.92954341 -30.0 -30.0; 0.1 0.1 0.1 0.1
0.4 0.9; -135.0 -45.0 -30.0 124.64771704; 0.1 0.1 0.1 0.1
0.4 0.9; -135.0 -45.0 10.05615802 -30.0; 0.1 0.1 0.1 0.1
0.4 0.9; -135.0 -45.0 -30.0 10.05615802; 0.1 0.1 0.1 0.1
0.4 0.9; -115.2 115.2 -8.37235461 80.60539386; 0.2 0.2 0.2 0.2
0.4 0.9; -115.2 115.2 -8.37235461 47.14044944; 0.2 0.2 0.2 0.2
0.4 0.9; -135.0 -45.0 52.14091318 -30.0; 0.1 0.1 0.1 0.1
0.4 0.9; -115.2 115.2 -8.37235461 87.19660745; 0.2 0.2 0.2 0.2
0.4 0.9; -115.2 115.2 -8.37235461 -17.76084225; 0.2 0.2 0.2 0.2
0.4 0.9; -115.2 115.2 56.52893708 -99.90175543; 0.2 0.2 0.2 0.2
0.4 0.9; -110.15486633 -45.0 -30.0 -30.0; 0.1 0.1 0.1 0.1
0.4 0.9; -115.2 115.2 -8.37235461 -66.43681101; 0.2 0.2 0.2 0.2
0.4 0.9; -135.0 -45.0 -30.0 -63.46494442; 0.1 0.1 0.1 0.1
0.4 0.9; -115.2 115.2 56.52893708 -99.90175543; 0.2 0.2 0.2 0.2
0.4 0.9; -135.0 -45.0 -30.0 42.50680386; 0.1 0.1 0.1 0.1
0.4 0.9; -135.0 -45.0 -30.0 -37.60551217; 0.1 0.1 0.1 0.1
0.4 0.9; -135.0 -45.0 -46.22532292 -30.0; 0.1 0.1 0.1 0.1
0.4 0.9; -135.0 -45.0 -30.0 59.74642536; 0.1 0.1 0.1 0.1
0.4 0.9; -135.0 -45.0 -30.0 85.6058576; 0.1 0.1 0.1 0.1
0.4 0.9; -135.0 -45.0 -30.0 -22.39448783; 0.1 0.1 0.1 0.1
0.4 0.9; -115.2 115.2 65.14874783 -99.90175543; 0.2 0.2 0.2 0.2
0.4 0.9; -114.18570142 115.2 -8.37235461 -99.90175543; 0.2 0.2 0.2 0.2
0.4 0.9; -135.0 -45.0 -30.0 -160.81688195; 0.1 0.1 0.1 0.1
0.4 0.9; -135.0 -45.0 -30.0 -45.21102435; 0.1 0.1 0.1 0.1
0.4 0.9; -135.0 -45.0 -30.0 -47.2396215; 0.1 0.1 0.1 0.1
0.4 0.9; -115.2 115.2 48.9234249 -99.90175543; 0.2 0.2 0.2 0.2
0.4 0.9; -115.2 115.2 48.9234249 -99.90175543; 0.2 0.2 0.2 0.2
0.4 0.9; -86.32403124 -45.0 -30.0 -30.0; 0.1 0.1 0.1 0.1
0.4 0.9; -135.0 134.49285071 -30.0 -30.0; 0.1 0.1 0.1 0.1
0.4 0.9; -135.0 -45.0 44.53540101 -30.0; 0.1 0.1 0.1 0.1
0.4 0.9; -135.0 -45.0 -30.0 140.87303996; 0.1 0.1 0.1 0.1
0.4 0.9; -115.2 132.4396215 -8.37235461 -99.90175543; 0.2 0.2 0.2 0.2
0.4 0.9; -115.2 115.2 -8.37235461 -50.21148809; 0.2 0.2 0.2 0.2
0.4 0.9; -135.0 -45.0 142.90163711 -30.0; 0.1 0.1 0.1 0.1
0.4 0.9; -135.0 -45.0 26.28148094 -30.0; 0.1 0.1 0.1 0.1
0.4 0.9; -78.71851906 -45.0 -30.0 -30.0; 0.1 0.1 0.1 0.1
0.4 0.9; -115.2 132.4396215 -8.37235461 -99.90175543; 0.2 0.2 0.2 0.2
0.4 0.9; -135.0 -29.78897565 -30.0 -30.0; 0.1 0.1 0.1 0.1
0.4 0.9; -115.2 115.2 -8.37235461 31.92942509; 0.2 0.2 0.2 0.2
0.4 0.9; -135.0 -45.0 157.09836289 -30.0; 0.1 0.1 0.1 0.1
0.4 0.9; -98.97467708 115.2 -8.37235461 -99.90175543; 0.2 0.2 0.2 0.2
0.4 0.9; -135.0 143.11266146 -30.0 -30.0; 0.1 0.1 0.1 0.1
0.4 0.9; -115.2 115.2 -8.37235461 130.2956612; 0.2 0.2 0.2 0.2
0.4 0.9; -115.2 115.2 -8.37235461 -99.90175543; 0.2 0.2 0.2 0.2
0.4 0.9; -115.2 115.2 -8.37235461 -58.83129884; 0.2 0.2 0.2 0.2
0.4 0.9; -135.0 -37.39448783 -30.0 -30.0; 0.1 0.1 0.1 0.1
0.4 0.9; -135.0 -45.0 -30.0 60.76072393; 0.1 0.1 0.1 0.1
0.4 0.9; -135.0 -45.0 -46.22532292 -30.0; 0.1 0.1 0.1 0.1
0.4 0.9; -135.0 -45.0 -30.0 19.69026734; 0.1 0.1 0.1 0.1
0.4 0.9; -118.77467708 -45.0 -30.0 -30.0; 0.1 0.1 0.1 0.1
0.4 0.9; -135.0 -45.0 -30.0 -135.97174828; 0.1 0.1 0.1 0.1
0.4 0.9; -115.2 115.2 31.68380341 -99.90175543; 0.2 0.2 0.2 0.2
0.4 0.9; -135.0 151.73247221 -30.0 -30.0; 0.1 0.1 0.1 0.1
0.4 0.9; -135.0 -45.0 -30.0 -94.90129169; 0.1 0.1 0.1 0.1
0.4 0.9; -115.2 115.2 -8.37235461 89.2252046; 0.2 0.2 0.2 0.2
0.4 0.9; -135.0 -45.0 141.88733854 -30.0; 0.1 0.1 0.1 0.1
0.4 0.9; -135.0 -45.0 -38.61981075 -30.0; 0.1 0.1 0.1 0.1
0.4 0.9; -115.2 115.2 -8.37235461 144.49238697; 0.2 0.2 0.2 0.2
0.4 0.9; -115.2 115.2 64.13444925 -99.90175543; 0.2 0.2 0.2 0.2
0.4 0.9; -135.0 -45.0 -30.0 -14.78897565; 0.1 0.1 0.1 0.1
0.4 0.9; -135.0 -45.0 -30.0 84.59155903; 0.1 0.1 0.1 0.1
0.4 0.9; -135.0 -45.0 -30.0 117.04220487; 0.1 0.1 0.1 0.1
0.4 0.9; -135.0 -45.0 140.87303996 -30.0; 0.1 0.1 0.1 0.1
0.4 0.9; -135.0 151.73247221 -30.0 -30.0; 0.1 0.1 0.1 0.1
0.4 0.9; -135.0 -45.0 -30.0 -135.97174828; 0.1 0.1 0.1 0.1
0.4 0.9; -115.2 123.81981075 -8.37235461 -99.90175543; 0.2 0.2 0.2 0.2
0.4 0.9; -115.2 115.2 -8.37235461 -17.76084225; 0.2 0.2 0.2 0.2
0.4 0.9; -115.2 115.2 -8.37235461 -83.67643251; 0.2 0.2 0.2 0.2
0.4 0.9; -115.2 115.2 -8.37235461 79.59109528; 0.2 0.2 0.2 0.2
0.4 0.9; -135.0 -45.0 -30.0 -135.97174828; 0.1 0.1 0.1 0.1
0.4 0.9; -135.0 19.90129169 -30.0 -30.0; 0.1 0.1 0.1 0.1
0.4 0.9; -115.2 115.2 66.1630464 -99.90175543; 0.2 0.2 0.2 0.2
0.4 0.9; -115.2 115.2 -8.37235461 47.14044944; 0.2 0.2 0.2 0.2
0.4 0.9; -115.2 115.2 -8.37235461 -50.21148809; 0.2 0.2 0.2 0.2
0.4 0.9; -115.2 115.2 -8.37235461 130.2956612; 0.2 0.2 0.2 0.2
0.4 0.9; -135.0 -45.0 -30.0 28.31007809; 0.1 0.1 0.1 0.1
0.4 0.9; -115.2 115.2 -8.37235461 128.26706404; 0.2 0.2 0.2 0.2
0.4 0.9; -135.0 -45.0 -30.0 149.49285071; 0.1 0.1 0.1 0.1
0.4 0.9; -115.2 115.2 -8.37235461 88.21090603; 0.2 0.2 0.2 0.2
0.4 0.9; -135.0 11.28148094 -30.0 -30.0; 0.1 0.1 0.1 0.1
0.4 0.9; -115.2 115.2 0.24745614 -99.90175543; 0.2 0.2 0.2 0.2
0.4 0.9; -135.0 -45.0 -30.0 -46.22532292; 0.1 0.1 0.1 0.1
0.4 0.9; -135.0 142.09836289 -30.0 -30.0; 0.1 0.1 0.1 0.1
0.4 0.9; -115.2 115.2 -8.37235461 146.52098412; 0.2 0.2 0.2 0.2
0.4 0.9; -114.18570142 115.2 -8.37235461 -99.90175543; 0.2 0.2 0.2 0.2
0.4 0.9; -135.0 -28.77467708 -30.0 -30.0; 0.1 0.1 0.1 0.1
0.4 0.9; -135.0 -45.0 -30.0 -12.7603785; 0.1 0.1 0.1 0.1
0.4 0.9; -101.53505558 -45.0 -30.0 -30.0; 0.1 0.1 0.1 0.1
0.4 0.9; -115.2 115.2 -8.37235461 -26.380653; 0.2 0.2 0.2 0.2
0.4 0.9; -135.0 -45.0 -30.0 -94.90129169; 0.1 0.1 0.1 0.1
0.4 0.9; -135.0 -45.0 42.50680386 -30.0; 0.1 0.1 0.1 0.1
0.4 0.9; -135.0 12.29577951 -30.0 -30.0; 0.1 0.1 0.1 0.1
0.4 0.9; -115.2 115.2 -8.37235461 79.59109528; 0.2 0.2 0.2 0.2
0.4 0.1; 147.6 -136.8 8.71374647 86.60832027; 0.1 0.2 0.2 0.2
0.4 0.1; 54.0 -54.0 -2.81570475 -123.1415558; 0.2 0.1 0.1 0.2
0.4 0.1; 7.2 -7.2 35.94464002 -153.3627649; 0.2 0.1 0.1 0.1
0.4 0.1; 57.6 -46.8 -11.43735468 -71.51874249; 0.2 0.1 0.2 0.2
0.4 0.1; 93.6 61.2 57.84329515 78.2880535; 0.2 0.1 0.2 0.2
0.4 0.1; 21.6 10.8 33.31422447 53.9887819; 0.1 0.2 0.2 0.2
0.4 0.1; 21.6 -10.8 65.0866058 6.89513264; 0.1 0.2 0.2 0.2
0.4 0.1; 43.2 -36.0 29.00796957 34.12686328; 0.1 0.2 0.2 0.2
0.4 0.1; 46.8 -43.2 55.91744818 37.58032251; 0.1 0.1 0.2 0.2
0.4 0.1; 111.6 -100.8 163.34212077 -159.72713579; 0.2 0.1 0.2 0.1
0.4 0.1; 165.6 -162.0 108.69843529 -109.73676011; 0.2 0.1 0.2 0.2
0.4 0.1; 104.4 46.8 74.03045714 67.79251387; 0.2 0.1 0.2 0.2
0.4 0.1; 75.6 72.0 52.69693683 76.09802556; 0.2 0.1 0.2 0.2
0.4 0.1; 162.0 -158.4 163.56489138 128.11601562; 0.2 0.1 0.2 0.2
0.4 0.1; 0.0 3.6 72.05934173 15.58407132; 0.1 0.1 0.2 0.2
0.4 0.1; 86.4 -86.4 60.6630229 91.72033978; 0.1 0.1 0.1 0.1
0.4 0.1; 0.0 46.8 97.83432946 17.50381605; 0.1 0.1 0.2 0.2
0.4 0.1; 97.2 -93.6 -6.92673483 58.83237967; 0.1 0.2 0.2 0.2
0.4 0.1; 86.4 -82.8 -32.27875414 135.03272621; 0.1 0.1 0.1 0.2
0.4 0.1; 39.6 -36.0 -32.04424005 -143.68404094; 0.1 0.1 0.1 0.2
0.4 0.1; 64.8 -61.2 27.82636986 -52.23275884; 0.1 0.1 0.2 0.2
0.4 0.1; 75.6 -32.4 127.82701463 -6.54055562; 0.1 0.1 0.2 0.2
0.4 0.1; 50.4 104.4 48.58667529 77.28903441; 0.2 0.2 0.2 0.2
0.4 0.9; -115.2 115.2 -8.37235461 -99.90175543; 0.2 0.2 0.2 0.2
0.4 0.9; -135.0 -45.0 -30.0 -30.0; 0.1 0.1 0.1 0.1
0.4 0.9; -135.0 151.73247221 -30.0 -30.0; 0.1 0.1 0.1 0.1
0.4 0.9; -115.2 115.2 -8.37235461 161.73200846; 0.2 0.2 0.2 0.2
0.4 0.9; -115.2 115.2 -8.37235461 55.76026019; 0.2 0.2 0.2 0.2
0.4 0.9; -135.0 -45.0 34.90129169 -30.0; 0.1 0.1 0.1 0.1
0.4 0.9; -115.2 115.2 -8.37235461 47.14044944; 0.2 0.2 0.2 0.2
0.4 0.9; -135.0 -45.0 -30.0 -160.81688195; 0.1 0.1 0.1 0.1
0.4 0.9; -115.2 115.2 -8.37235461 112.04174112; 0.2 0.2 0.2 0.2
0.4 0.9; -115.2 115.2 48.9234249 -99.90175543; 0.2 0.2 0.2 0.2
0.4 0.9; -115.2 115.2 0.24745614 -99.90175543; 0.2 0.2 0.2 0.2
0.4 0.9; -135.0 -45.0 -45.21102435 -30.0; 0.1 0.1 0.1 0.1
0.4 0.9; -135.0 -45.0 -30.0 -31.01429858; 0.1 0.1 0.1 0.1
0.4 0.9; -135.0 -21.16916491 -30.0 -30.0; 0.1 0.1 0.1 0.1
0.4 0.9; -135.0 -45.0 -30.0 83.57726045; 0.1 0.1 0.1 0.1
0.4 0.9; -135.0 -45.0 -30.0 19.69026734; 0.1 0.1 0.1 0.1
0.4 0.9; -115.2 130.41102435 -8.37235461 -99.90175543; 0.2 0.2 0.2 0.2
0.4 0.9; -135.0 -36.38018925 -30.0 -30.0; 0.1 0.1 0.1 0.1
0.4 0.9; -135.0 -45.0 -30.0 149.49285071; 0.1 0.1 0.1 0.1
0.4 0.9; -119.78897565 -45.0 -30.0 -30.0; 0.1 0.1 0.1 0.1
0.4 0.9; -115.2 115.2 0.24745614 -99.90175543; 0.2 0.2 0.2 0.2
0.4 0.9; -135.0 -45.0 -30.0 101.83118052; 0.1 0.1 0.1 0.1
0.4 0.9; -135.0 -45.0 -30.0 68.3662361; 0.1 0.1 0.1 0.1
0.4 0.9; -135.0 -45.0 59.74642536 -30.0; 0.1 0.1 0.1 0.1
0.4 0.9; -135.0 -45.0 133.26752779 -30.0; 0.1 0.1 0.1 0.1
0.4 0.9; -135.0 -45.0 -30.0 85.6058576; 0.1 0.1 0.1 0.1
0.4 0.9; -135.0 -45.0 -30.0 -53.83083509; 0.1 0.1 0.1 0.1
0.4 0.9; -115.2 115.2 -8.37235461 -42.60597592; 0.2 0.2 0.2 0.2
0.4 0.9; -135.0 -28.77467708 -30.0 -30.0; 0.1 0.1 0.1 0.1
0.4 0.9; -118.77467708 -45.0 -30.0 -30.0; 0.1 0.1 0.1 0.1
0.4 0.9; -135.0 -45.0 140.87303996 -30.0; 0.1 0.1 0.1 0.1
0.4 0.9; -115.2 115.2 -8.37235461 -99.90175543; 0.2 0.2 0.2 0.2
0.4 0.9; -135.0 -20.15486633 -30.0 -30.0; 0.1 0.1 0.1 0.1
0.4 0.9; -115.2 115.2 -8.37235461 -59.84559742; 0.2 0.2 0.2 0.2
0.4 0.9; -135.0 -12.54935416 -30.0 -30.0; 0.1 0.1 0.1 0.1
0.4 0.9; -119.78897565 -45.0 -30.0 -30.0; 0.1 0.1 0.1 0.1
0.4 0.9; -115.2 122.80551217 -8.37235461 -99.90175543; 0.2 0.2 0.2 0.2
0.4 0.9; -115.2 130.41102435 -8.37235461 -99.90175543; 0.2 0.2 0.2 0.2
0.4 0.9; -135.0 -45.0 -30.0 133.26752779; 0.1 0.1 0.1 0.1
0.4 0.9; -135.0 -45.0 -30.0 -30.0; 0.1 0.1 0.1 0.1
0.4 0.9; -115.2 115.2 -8.37235461 -84.69073109; 0.2 0.2 0.2 0.2
0.4 0.9; -135.0 -45.0 -21.38018925 -30.0; 0.1 0.1 0.1 0.1
0.4 0.9; -115.2 116.21429858 -8.37235461 -99.90175543; 0.2 0.2 0.2 0.2
0.4 0.9; -115.2 115.2 -8.37235461 79.59109528; 0.2 0.2 0.2 0.2
0.4 0.9; -115.2 115.2 8.86726689 -99.90175543; 0.2 0.2 0.2 0.2
0.4 0.9; -135.0 -45.0 -30.0 75.97174828; 0.1 0.1 0.1 0.1
0.4 0.9; -115.2 115.2 -8.37235461 128.26706404; 0.2 0.2 0.2 0.2
0.4 0.9; -115.2 115.2 25.09258981 -99.90175543; 0.2 0.2 0.2 0.2
0.4 0.9; -135.0 -45.0 -30.0 -153.21136977; 0.1 0.1 0.1 0.1
0.4 0.9; -135.0 -45.0 75.97174828 -30.0; 0.1 0.1 0.1 0.1
0.4 0.9; -86.32403124 -45.0 -30.0 -30.0; 0.1 0.1 0.1 0.1
0.4 0.9; -135.0 160.35228296 -30.0 -30.0; 0.1 0.1 0.1 0.1
0.4 0.9; -135.0 -45.0 -30.0 109.4366927; 0.1 0.1 0.1 0.1
0.4 0.9; -115.2 115.2 -8.37235461 -99.90175543; 0.2 0.2 0.2 0.2
0.4 0.9; -135.0 -45.0 -30.0 117.04220487; 0.1 0.1 0.1 0.1
0.4 0.9; -135.0 3.67596876 -30.0 -30.0; 0.1 0.1 0.1 0.1
0.4 0.9; -127.39448783 -45.0 -30.0 -30.0; 0.1 0.1 0.1 0.1
0.4 0.9; -135.0 -45.0 -30.0 -86.28148094; 0.1 0.1 0.1 0.1
0.4 0.9; -115.2 115.2 -8.37235461 -42.60597592; 0.2 0.2 0.2 0.2
0.4 0.9; -115.2 115.2 -8.37235461 -59.84559742; 0.2 0.2 0.2 0.2
0.4 0.9; -76.68992191 -45.0 -30.0 -30.0; 0.1 0.1 0.1 0.1
0.4 0.9; -135.0 -45.0 -30.0 84.59155903; 0.1 0.1 0.1 0.1
0.4 0.9; -135.0 -45.0 -30.0 42.50680386; 0.1 0.1 0.1 0.1
0.4 0.9; -135.0 -45.0 -30.0 100.81688195; 0.1 0.1 0.1 0.1
0.4 0.9; -135.0 -45.0 149.49285071 -30.0; 0.1 0.1 0.1 0.1
0.4 0.9; -135.0 -45.0 -30.0 150.50714929; 0.1 0.1 0.1 0.1
0.4 0.9; -135.0 -45.0 -30.0 117.04220487; 0.1 0.1 0.1 0.1
0.4 0.9; -78.71851906 -45.0 -30.0 -30.0; 0.1 0.1 0.1 0.1
0.4 0.9; -135.0 13.31007809 -30.0 -30.0; 0.1 0.1 0.1 0.1
0.4 0.9; -135.0 -45.0 -30.0 -37.60551217; 0.1 0.1 0.1 0.1
0.4 0.9; -115.2 115.2 32.69810198 -99.90175543; 0.2 0.2 0.2 0.2
0.4 0.9; -115.2 115.2 -8.37235461 48.15474801; 0.2 0.2 0.2 0.2
0.4 0.9; -135.0 -45.0 -30.0 27.29577951; 0.1 0.1 0.1 0.1
0.4 0.9; -115.2 115.2 -8.37235461 121.67585045; 0.2 0.2 0.2 0.2
0.4 0.9; -135.0 -45.0 -14.78897565 -30.0; 0.1 0.1 0.1 0.1
0.4 0.9; -135.0 -45.0 -30.0 42.50680386; 0.1 0.1 0.1 0.1
0.4 0.9; -135.0 -45.0 -21.38018925 -30.0; 0.1 0.1 0.1 0.1
0.4 0.9; -135.0 -45.0 134.28182637 -30.0; 0.1 0.1 0.1 0.1
0.4 0.9; -135.0 -43.98570142 -30.0 -30.0; 0.1 0.1 0.1 0.1
0.4 0.9; -135.0 -45.0 -30.0 92.1970712; 0.1 0.1 0.1 0.1
0.4 0.9; -136.01429858 -45.0 -30.0 -30.0; 0.1 0.1 0.1 0.1
0.4 0.9; -135.0 -45.0 -30.0 141.88733854; 0.1 0.1 0.1 0.1
0.4 0.9; -135.0 126.88733854 -30.0 -30.0; 0.1 0.1 0.1 0.1
0.4 0.9; -135.0 125.87303996 -30.0 -30.0; 0.1 0.1 0.1 0.1
0.4 0.9; -135.0 -45.0 -30.0 124.64771704; 0.1 0.1 0.1 0.1
0.4 0.9; -133.98570142 -45.0 -30.0 -30.0; 0.1 0.1 0.1 0.1
0.4 0.9; -115.2 115.2 -8.37235461 72.99988168; 0.2 0.2 0.2 0.2
0.4 0.9; -115.2 115.2 -8.37235461 48.15474801; 0.2 0.2 0.2 0.2
0.4 0.9; -115.2 115.2 57.54323565 -99.90175543; 0.2 0.2 0.2 0.2
0.4 0.9; -117.7603785 -45.0 -30.0 -30.0; 0.1 0.1 0.1 0.1
0.4 0.9; -135.0 135.50714929 -30.0 -30.0; 0.1 0.1 0.1 0.1
0.4 0.9; -135.0 -45.0 2.45064584 -30.0; 0.1 0.1 0.1 0.1
0.4 0.9; -115.2 115.2 16.47277906 -99.90175543; 0.2 0.2 0.2 0.2
0.4 0.9; -135.0 -45.0 -30.0 101.83118052; 0.1 0.1 0.1 0.1
0.4 0.9; -115.2 130.41102435 -8.37235461 -99.90175543; 0.2 0.2 0.2 0.2
0.4 0.9; -135.0 -45.0 -14.78897565 -30.0; 0.1 0.1 0.1 0.1
0.4 0.9; -135.0 -45.0 11.07045659 -30.0; 0.1 0.1 0.1 0.1
0.4 0.9; -135.0 -45.0 44.53540101 -30.0; 0.1 0.1 0.1 0.1
0.4 0.9; -135.0 -45.0 -30.0 -30.0; 0.1 0.1 0.1 0.1
0.4 0.9; -135.0 -45.0 -30.0 -152.1970712; 0.1 0.1 0.1 0.1
0.4 0.9; -90.35486633 115.2 -8.37235461 -99.90175543; 0.2 0.2 0.2 0.2
0.4 0.9; -135.0 -45.0 -30.0 -62.45064584; 0.1 0.1 0.1 0.1
0.4 0.1; 144.0 -144.0 45.35647546 53.0601734; 0.1 0.2 0.2 0.1
0.4 0.1; 133.2 -129.6 19.1700412 87.88978309; 0.1 0.2 0.2 0.2
0.4 0.1; 61.2 -57.6 -71.31020445 -42.21696841; 0.2 0.1 0.1 0.1
0.4 0.1; 21.6 -21.6 3.75105846 -125.35721033; 0.2 0.1 0.1 0.1
0.4 0.1; 10.8 3.6 47.28698 -112.66559833; 0.2 0.1 0.1 0.2
0.4 0.1; -180.0 -158.4 155.40218835 96.86744899; 0.1 0.1 0.2 0.1
0.4 0.1; 61.2 -57.6 85.08384504 3.42928881; 0.1 0.2 0.2 0.2
0.4 0.1; 104.4 -97.2 43.64526434 20.64414029; 0.1 0.2 0.2 0.2
0.4 0.1; 14.4 21.6 41.5525713 -18.00721436; 0.2 0.2 0.2 0.2
0.4 0.1; 32.4 -25.2 62.91749924 -28.3306516; 0.1 0.2 0.2 0.2
0.4 0.1; 57.6 -28.8 44.1471603 3.80327009; 0.1 0.2 0.2 0.2
0.4 0.1; 126.0 -115.2 31.88758562 58.75910721; 0.1 0.2 0.2 0.2
0.4 0.1; 162.0 -158.4 46.41380783 87.06462374; 0.1 0.1 0.1 0.2
0.4 0.1; 39.6 -39.6 71.96511566 80.91499476; 0.1 0.1 0.1 0.2
0.4 0.1; 129.6 -72.0 135.61171655 78.18247226; 0.1 0.1 0.2 0.2
0.4 0.1; 122.4 -61.2 116.78466297 93.52915361; 0.1 0.1 0.2 0.2
0.4 0.1; 100.8 54.0 64.12421454 75.76982299; 0.2 0.1 0.2 0.2
0.4 0.1; 36.0 -36.0 79.91883857 41.28739204; 0.2 0.1 0.2 0.1
0.4 0.1; 75.6 108.0 -37.474173 -148.94630165; 0.2 0.1 0.1 0.2
0.4 0.1; 165.6 -162.0 139.21125599 -95.84562574; 0.2 0.1 0.2 0.1
0.4 0.1; 79.2 -79.2 -4.50239324 70.3355399; 0.1 0.2 0.2 0.2
0.4 0.1; 176.4 -162.0 86.57734742 -63.8629402; 0.1 0.1 0.1 0.2
0.4 0.1; 151.2 -140.4 13.96480261 -153.64484469; 0.1 0.1 0.2 0.2
0.4 0.1; 0.0 3.6 82.07550273 -107.91928926; 0.2 0.1 0.2 0.2
0.4 0.1; 126.0 -118.8 124.50708371 46.2144024; 0.1 0.1 0.2 0.2
0.4 0.1; 108.0 -21.6 103.03323085 86.85847973; 0.1 0.1 0.2 0.2
0.4 0.9; -115.2 115.2 -8.37235461 -99.90175543; 0.2 0.2 0.2 0.2
0.4 0.9; -135.0 -45.0 -30.0 -30.0; 0.1 0.1 0.1 0.1
0.4 0.9; -135.0 -45.0 -30.0 -153.21136977; 0.1 0.1 0.1 0.1
0.4 0.9; -135.0 135.50714929 -30.0 -30.0; 0.1 0.1 0.1 0.1
0.4 0.9; -135.0 -45.0 -30.0 149.49285071; 0.1 0.1 0.1 0.1
0.4 0.9; -115.2 115.2 -8.37235461 153.11219772; 0.2 0.2 0.2 0.2
0.4 0.9; -135.0 -45.0 76.98604685 -30.0; 0.1 0.1 0.1 0.1
0.4 0.9; -115.2 115.2 -8.37235461 48.15474801; 0.2 0.2 0.2 0.2
0.4 0.9; -115.2 115.2 -8.37235461 39.53493726; 0.2 0.2 0.2 0.2
0.4 0.9; -135.0 127.90163711 -30.0 -30.0; 0.1 0.1 0.1 0.1
0.4 0.9; -115.2 115.2 -8.37235461 39.53493726; 0.2 0.2 0.2 0.2
0.4 0.9; -135.0 -45.0 -30.0 -6.16916491; 0.1 0.1 0.1 0.1
0.4 0.9; -135.0 -45.0 76.98604685 -30.0; 0.1 0.1 0.1 0.1
0.4 0.9; -135.0 -45.0 -30.0 -160.81688195; 0.1 0.1 0.1 0.1
0.4 0.9; -135.0 -45.0 -30.0 -45.21102435; 0.1 0.1 0.1 0.1
0.4 0.9; -135.0 -45.0 43.52110243 -30.0; 0.1 0.1 0.1 0.1
0.4 0.9; -135.0 -45.0 -30.0 -37.60551217; 0.1 0.1 0.1 0.1
0.4 0.9; -135.0 -45.0 -30.0 142.90163711; 0.1 0.1 0.1 0.1
0.4 0.9; -135.0 4.69026734 -30.0 -30.0; 0.1 0.1 0.1 0.1
0.4 0.9; -135.0 -45.0 -30.0 42.50680386; 0.1 0.1 0.1 0.1
0.4 0.9; -135.0 -45.0 -30.0 -12.7603785; 0.1 0.1 0.1 0.1
0.4 0.9; -135.0 -45.0 -30.0 -30.0; 0.1 0.1 0.1 0.1
0.4 0.9; -135.0 -45.0 52.14091318 -30.0; 0.1 0.1 0.1 0.1
0.4 0.9; -136.01429858 -45.0 -30.0 -30.0; 0.1 0.1 0.1 0.1
0.4 0.9; -135.0 -52.60551217 -30.0 -30.0; 0.1 0.1 0.1 0.1
0.4 0.9; -135.0 -45.0 141.88733854 -30.0; 0.1 0.1 0.1 0.1
0.4 0.9; -81.73505558 115.2 -8.37235461 -99.90175543; 0.2 0.2 0.2 0.2
0.4 0.9; -135.0 4.69026734 -30.0 -30.0; 0.1 0.1 0.1 0.1
0.4 0.9; -135.0 -45.0 -30.0 -143.57726045; 0.1 0.1 0.1 0.1
0.4 0.9; -115.2 115.2 48.9234249 -99.90175543; 0.2 0.2 0.2 0.2
0.4 0.9; -135.0 -45.0 -30.0 -87.29577951; 0.1 0.1 0.1 0.1
0.4 0.9; -135.0 -45.0 -30.0 157.09836289; 0.1 0.1 0.1 0.1
0.4 0.9; -135.0 -45.0 -30.0 85.6058576; 0.1 0.1 0.1 0.1
0.4 0.9; -135.0 -45.0 -30.0 -28.98570142; 0.1 0.1 0.1 0.1
0.4 0.9; -81.73505558 115.2 -8.37235461 -99.90175543; 0.2 0.2 0.2 0.2
0.4 0.9; -115.2 115.2 -8.37235461 47.14044944; 0.2 0.2 0.2 0.2
0.4 0.9; -107.59448783 115.2 -8.37235461 -99.90175543; 0.2 0.2 0.2 0.2
0.4 0.9; -135.0 -52.60551217 -30.0 -30.0; 0.1 0.1 0.1 0.1
0.4 0.9; -115.2 132.4396215 -8.37235461 -99.90175543; 0.2 0.2 0.2 0.2
0.4 0.9; -115.2 115.2 -8.37235461 -67.45110959; 0.2 0.2 0.2 0.2
0.4 0.9; -115.2 114.18570142 -8.37235461 -99.90175543; 0.2 0.2 0.2 0.2
0.4 0.9; -135.0 -45.0 -30.0 142.90163711; 0.1 0.1 0.1 0.1
0.4 0.9; -135.0 -45.0 -30.0 -86.28148094; 0.1 0.1 0.1 0.1
0.4 0.9; -135.0 -45.0 -30.0 19.69026734; 0.1 0.1 0.1 0.1
0.4 0.9; -135.0 -45.0 -30.0 -145.6058576; 0.1 0.1 0.1 0.1
0.4 0.9; -135.0 -45.0 -30.0 157.09836289; 0.1 0.1 0.1 0.1
0.4 0.9; -135.0 -45.0 -30.0 -6.16916491; 0.1 0.1 0.1 0.1
0.4 0.9; -135.0 -45.0 -30.0 -54.84513367; 0.1 0.1 0.1 0.1
0.4 0.9; -115.2 115.2 -8.37235461 30.91512652; 0.2 0.2 0.2 0.2
0.4 0.9; -115.2 115.2 -8.37235461 72.99988168; 0.2 0.2 0.2 0.2
0.4 0.9; -115.2 115.2 -8.37235461 54.74596161; 0.2 0.2 0.2 0.2
0.4 0.9; -127.39448783 -45.0 -30.0 -30.0; 0.1 0.1 0.1 0.1
0.4 0.9; -115.2 115.2 31.68380341 -99.90175543; 0.2 0.2 0.2 0.2
0.4 0.9; -135.0 -45.0 -28.98570142 -30.0; 0.1 0.1 0.1 0.1
0.4 0.9; -115.2 115.2 -8.37235461 162.74630704; 0.2 0.2 0.2 0.2
0.4 0.9; -135.0 12.29577951 -30.0 -30.0; 0.1 0.1 0.1 0.1
0.4 0.9; -115.2 115.2 -8.37235461 -100.91605401; 0.2 0.2 0.2 0.2
0.4 0.9; -115.2 115.2 -8.37235461 -75.05662176; 0.2 0.2 0.2 0.2
0.4 0.9; -115.2 115.2 -8.37235461 161.73200846; 0.2 0.2 0.2 0.2
0.4 0.9; -135.0 -45.0 42.50680386 -30.0; 0.1 0.1 0.1 0.1
0.4 0.9; -99.98897565 115.2 -8.37235461 -99.90175543; 0.2 0.2 0.2 0.2
0.4 0.9; -135.0 -45.0 -46.22532292 -30.0; 0.1 0.1 0.1 0.1
0.4 0.9; -135.0 12.29577951 -30.0 -30.0; 0.1 0.1 0.1 0.1
0.4 0.9; -135.0 -45.0 -30.0 158.11266146; 0.1 0.1 0.1 0.1
0.4 0.9; -115.2 115.2 -8.37235461 128.26706404; 0.2 0.2 0.2 0.2
0.4 0.9; -135.0 -45.0 -30.0 149.49285071; 0.1 0.1 0.1 0.1
0.4 0.9; -135.0 -45.0 -45.21102435 -30.0; 0.1 0.1 0.1 0.1
0.4 0.9; -135.0 -45.0 -30.0 -86.28148094; 0.1 0.1 0.1 0.1
0.4 0.9; -135.0 -45.0 -30.0 101.83118052; 0.1 0.1 0.1 0.1
0.4 0.9; -135.0 -45.0 -30.0 75.97174828; 0.1 0.1 0.1 0.1
0.4 0.9; -135.0 -45.0 -30.0 -62.45064584; 0.1 0.1 0.1 0.1
0.4 0.9; -115.2 115.2 -8.37235461 112.04174112; 0.2 0.2 0.2 0.2
0.4 0.9; -115.2 115.2 -8.37235461 95.8164182; 0.2 0.2 0.2 0.2
0.4 0.9; -135.0 3.67596876 -30.0 -30.0; 0.1 0.1 0.1 0.1
0.4 0.9; -115.2 115.2 -8.37235461 64.38007093; 0.2 0.2 0.2 0.2
0.4 0.9; -135.0 -45.0 -30.0 159.12696004; 0.1 0.1 0.1 0.1
0.4 0.9; -135.0 150.71817363 -30.0 -30.0; 0.1 0.1 0.1 0.1
0.4 0.9; -135.0 -45.0 -6.16916491 -30.0; 0.1 0.1 0.1 0.1
0.4 0.9; -135.0 -45.0 75.97174828 -30.0; 0.1 0.1 0.1 0.1
0.4 0.9; -135.0 13.31007809 -30.0 -30.0; 0.1 0.1 0.1 0.1
0.4 0.9; -115.2 115.2 -8.37235461 29.90082794; 0.2 0.2 0.2 0.2
0.4 0.9; -115.2 115.2 -8.37235461 -67.45110959; 0.2 0.2 0.2 0.2
0.4 0.9; -85.30973266 -45.0 -30.0 -30.0; 0.1 0.1 0.1 0.1
0.4 0.9; -111.16916491 -45.0 -30.0 -30.0; 0.1 0.1 0.1 0.1
0.4 0.9; -135.0 -45.0 -30.0 157.09836289; 0.1 0.1 0.1 0.1
0.4 0.9; -135.0 -29.78897565 -30.0 -30.0; 0.1 0.1 0.1 0.1
0.4 0.9; -135.0 -45.0 -30.0 149.49285071; 0.1 0.1 0.1 0.1
0.4 0.9; -135.0 -45.0 -30.0 83.57726045; 0.1 0.1 0.1 0.1
0.4 0.9; -135.0 -36.38018925 -30.0 -30.0; 0.1 0.1 0.1 0.1
0.4 0.9; -78.71851906 -45.0 -30.0 -30.0; 0.1 0.1 0.1 0.1
0.4 0.9; -135.0 -45.0 -30.0 -145.6058576; 0.1 0.1 0.1 0.1
0.4 0.9; -115.2 115.2 -8.37235461 47.14044944; 0.2 0.2 0.2 0.2
0.4 0.9; -115.2 115.2 -8.37235461 -33.98616517; 0.2 0.2 0.2 0.2
0.4 0.9; -115.2 115.2 -8.37235461 89.2252046; 0.2 0.2 0.2 0.2
0.4 0.9; -135.0 -45.0 67.35193753 -30.0; 0.1 0.1 0.1 0.1
0.4 0.9; -135.0 -45.0 -30.0 100.81688195; 0.1 0.1 0.1 0.1
0.4 0.9; -135.0 -45.0 -5.15486633 -30.0; 0.1 0.1 0.1 0.1
0.4 0.9; -135.0 -45.0 -30.0 -28.98570142; 0.1 0.1 0.1 0.1
0.4 0.9; -81.73505558 115.2 -8.37235461 -99.90175543; 0.2 0.2 0.2 0.2
0.4 0.9; -115.2 115.2 -8.37235461 64.38007093; 0.2 0.2 0.2 0.2
0.4 0.9; -135.0 -45.0 10.05615802 -30.0; 0.1 0.1 0.1 0.1
0.4 0.9; -126.38018925 -45.0 -30.0 -30.0; 0.1 0.1 0.1 0.1
0.4 0.1; 0.0 3.6 93.33273036 10.92285456; 0.2 0.1 0.2 0.1
0.4 0.1; 147.6 -136.8 8.71374647 86.60832027; 0.1 0.2 0.2 0.2
0.4 0.1; 0.0 14.4 -17.03229422 -162.72658295; 0.1 0.1 0.1 0.1
0.4 0.1; 158.4 -154.8 22.42477986 -68.807295; 0.1 0.1 0.2 0.2
0.4 0.1; 154.8 -154.8 18.15366339 -51.48337703; 0.1 0.2 0.2 0.2
0.4 0.1; 79.2 36.0 76.96615655 83.38529264; 0.1 0.1 0.2 0.2
0.4 0.1; 7.2 46.8 28.02202882 19.50321654; 0.2 0.1 0.2 0.2
0.4 0.1; 46.8 -46.8 38.06016392 60.87079992; 0.2 0.1 0.2 0.2
0.4 0.1; 21.6 -7.2 59.94796772 -37.1673316; 0.1 0.2 0.2 0.2
0.4 0.1; 10.8 43.2 30.42419529 5.60837481; 0.2 0.2 0.2 0.2
0.4 0.1; 18.0 32.4 16.88846146 13.06191797; 0.1 0.2 0.2 0.2
0.4 0.1; 18.0 3.6 45.00344973 29.85652672; 0.1 0.1 0.2 0.2
0.4 0.1; 21.6 -18.0 107.28151617 63.36647458; 0.1 0.1 0.2 0.2
0.4 0.1; -180.0 -162.0 -1.37864753 91.11493041; 0.1 0.1 0.1 0.2
0.4 0.1; 54.0 79.2 57.76910057 80.75638601; 0.1 0.1 0.2 0.2
0.4 0.1; 18.0 151.2 2.31140981 99.02266856; 0.1 0.1 0.2 0.1
0.4 0.1; 18.0 147.6 8.62922411 96.48462923; 0.2 0.2 0.2 0.2
0.4 0.1; 136.8 -108.0 -16.5894551 93.10883865; 0.1 0.2 0.2 0.2
0.4 0.1; 115.2 -115.2 42.00173171 88.5910565; 0.1 0.1 0.1 0.1
0.4 0.1; 136.8 -136.8 108.6068081 45.68033981; 0.1 0.1 0.1 0.2
0.4 0.1; 72.0 -72.0 -5.02142319 74.57511566; 0.1 0.2 0.2 0.2
0.4 0.1; 72.0 -72.0 48.3815697 78.35835666; 0.1 0.1 0.1 0.1
0.4 0.1; 21.6 -7.2 -54.2136361 -139.42654484; 0.1 0.1 0.1 0.2
0.4 0.1; 61.2 -57.6 -52.83137141 79.2082694; 0.2 0.1 0.2 0.2
0.4 0.1; 118.8 -118.8 136.87672937 35.75326793; 0.1 0.1 0.2 0.2
0.4 0.1; 151.2 -140.4 159.41142751 121.54149921; 0.2 0.1 0.2 0.2
0.4 0.9; -115.2 115.2 -8.37235461 -99.90175543; 0.2 0.2 0.2 0.2
0.4 0.9; -135.0 -45.0 -30.0 -30.0; 0.1 0.1 0.1 0.1
0.4 0.9; -111.16916491 -45.0 -30.0 -30.0; 0.1 0.1 0.1 0.1
0.4 0.9; -135.0 -45.0 -30.0 -63.46494442; 0.1 0.1 0.1 0.1
0.4 0.9; -93.92954341 -45.0 -30.0 -30.0; 0.1 0.1 0.1 0.1
0.4 0.9; -115.2 115.2 -8.37235461 72.99988168; 0.2 0.2 0.2 0.2
0.4 0.9; -135.0 -45.0 -30.0 -152.1970712; 0.1 0.1 0.1 0.1
0.4 0.9; -135.0 151.73247221 -30.0 -30.0; 0.1 0.1 0.1 0.1
0.4 0.9; -135.0 -45.0 27.29577951 -30.0; 0.1 0.1 0.1 0.1
0.4 0.9; -115.2 115.2 -8.37235461 39.53493726; 0.2 0.2 0.2 0.2
0.4 0.9; -135.0 -45.0 -30.0 93.21136977; 0.1 0.1 0.1 0.1
0.4 0.9; -115.2 115.2 -8.37235461 128.26706404; 0.2 0.2 0.2 0.2
0.4 0.9; -127.39448783 -45.0 -30.0 -30.0; 0.1 0.1 0.1 0.1
0.4 0.9; -135.0 -45.0 -30.0 99.80258337; 0.1 0.1 0.1 0.1
0.4 0.9; -135.0 -45.0 -30.0 117.04220487; 0.1 0.1 0.1 0.1
0.4 0.9; -81.73505558 115.2 -8.37235461 -99.90175543; 0.2 0.2 0.2 0.2
0.4 0.9; -115.2 115.2 -8.37235461 80.60539386; 0.2 0.2 0.2 0.2
0.4 0.9; -135.0 -28.77467708 -30.0 -30.0; 0.1 0.1 0.1 0.1
0.4 0.9; -76.68992191 -45.0 -30.0 -30.0; 0.1 0.1 0.1 0.1
0.4 0.9; -135.0 134.49285071 -30.0 -30.0; 0.1 0.1 0.1 0.1
0.4 0.9; -115.2 115.2 6.83866974 -99.90175543; 0.2 0.2 0.2 0.2
0.4 0.9; -115.2 123.81981075 -8.37235461 -99.90175543; 0.2 0.2 0.2 0.2
0.4 0.9; -135.0 -45.0 -30.0 150.50714929; 0.1 0.1 0.1 0.1
0.4 0.9; -115.2 115.2 -8.37235461 162.74630704; 0.2 0.2 0.2 0.2
0.4 0.9; -135.0 -45.0 11.07045659 -30.0; 0.1 0.1 0.1 0.1
0.4 0.9; -135.0 -45.0 -30.0 -13.77467708; 0.1 0.1 0.1 0.1
0.4 0.9; -135.0 -45.0 -30.0 -153.21136977; 0.1 0.1 0.1 0.1
0.4 0.9; -135.0 -45.0 -12.7603785 -30.0; 0.1 0.1 0.1 0.1
0.4 0.9; -135.0 126.88733854 -30.0 -30.0; 0.1 0.1 0.1 0.1
0.4 0.9; -115.2 115.2 -8.37235461 29.90082794; 0.2 0.2 0.2 0.2
0.4 0.9; -135.0 -28.77467708 -30.0 -30.0; 0.1 0.1 0.1 0.1
0.4 0.9; -135.0 -45.0 -30.0 42.50680386; 0.1 0.1 0.1 0.1
0.4 0.9; -115.2 115.2 -8.37235461 -76.07092034; 0.2 0.2 0.2 0.2
0.4 0.9; -135.0 -45.0 -30.0 19.69026734; 0.1 0.1 0.1 0.1
0.4 0.9; -135.0 -45.0 -30.0 99.80258337; 0.1 0.1 0.1 0.1
0.4 0.9; -115.2 115.2 -8.37235461 39.53493726; 0.2 0.2 0.2 0.2
0.4 0.9; -101.53505558 -45.0 -30.0 -30.0; 0.1 0.1 0.1 0.1
0.4 0.9; -115.2 115.2 -8.37235461 -51.22578667; 0.2 0.2 0.2 0.2
0.4 0.9; -135.0 -45.0 -30.0 -5.15486633; 0.1 0.1 0.1 0.1
0.4 0.9; -102.54935416 -45.0 -30.0 -30.0; 0.1 0.1 0.1 0.1
0.4 0.9; -135.0 -45.0 75.97174828 -30.0; 0.1 0.1 0.1 0.1
0.4 0.9; -115.2 115.2 -8.37235461 95.8164182; 0.2 0.2 0.2 0.2
0.4 0.9; -115.2 115.2 -8.37235461 -76.07092034; 0.2 0.2 0.2 0.2
0.4 0.9; -115.2 130.41102435 -8.37235461 -99.90175543; 0.2 0.2 0.2 0.2
0.4 0.9; -135.0 -46.01429858 -30.0 -30.0; 0.1 0.1 0.1 0.1
0.4 0.9; -135.0 -45.0 -30.0 83.57726045; 0.1 0.1 0.1 0.1
0.4 0.9; -135.0 143.11266146 -30.0 -30.0; 0.1 0.1 0.1 0.1
0.4 0.9; -135.0 142.09836289 -30.0 -30.0; 0.1 0.1 0.1 0.1
0.4 0.9; -126.38018925 -45.0 -30.0 -30.0; 0.1 0.1 0.1 0.1
0.4 0.9; -135.0 4.69026734 -30.0 -30.0; 0.1 0.1 0.1 0.1
0.4 0.9; -115.2 115.2 -8.37235461 -25.36635442; 0.2 0.2 0.2 0.2
0.4 0.9; -115.2 115.2 -8.37235461 89.2252046; 0.2 0.2 0.2 0.2
0.4 0.9; -135.0 -45.0 -30.0 141.88733854; 0.1 0.1 0.1 0.1
0.4 0.9; -135.0 -45.0 -30.0 3.46494442; 0.1 0.1 0.1 0.1
0.4 0.9; -135.0 -45.0 -30.0 100.81688195; 0.1 0.1 0.1 0.1
0.4 0.9; -115.2 115.2 -8.37235461 29.90082794; 0.2 0.2 0.2 0.2
0.4 0.9; -135.0 -45.0 27.29577951 -30.0; 0.1 0.1 0.1 0.1
0.4 0.9; -114.18570142 115.2 -8.37235461 -99.90175543; 0.2 0.2 0.2 0.2
0.4 0.9; -115.2 115.2 -8.37235461 -33.98616517; 0.2 0.2 0.2 0.2
0.4 0.9; -115.2 115.2 -8.37235461 -67.45110959; 0.2 0.2 0.2 0.2
0.4 0.9; -115.2 122.80551217 -8.37235461 -99.90175543; 0.2 0.2 0.2 0.2
0.4 0.9; -115.2 115.2 -8.37235461 -25.36635442; 0.2 0.2 0.2 0.2
0.4 0.9; -115.2 115.2 8.86726689 -99.90175543; 0.2 0.2 0.2 0.2
0.4 0.9; -115.2 115.2 47.90912633 -99.90175543; 0.2 0.2 0.2 0.2
0.4 0.9; -115.2 115.2 -8.37235461 95.8164182; 0.2 0.2 0.2 0.2
0.4 0.9; -117.7603785 -45.0 -30.0 -30.0; 0.1 0.1 0.1 0.1
0.4 0.9; -135.0 -45.0 -30.0 44.53540101; 0.1 0.1 0.1 0.1
0.4 0.9; -135.0 -45.0 -30.0 52.14091318; 0.1 0.1 0.1 0.1
0.4 0.9; -135.0 -45.0 -30.0 159.12696004; 0.1 0.1 0.1 0.1
0.4 0.9; -135.0 -45.0 -30.0 -160.81688195; 0.1 0.1 0.1 0.1
0.4 0.9; -115.2 115.2 -8.37235461 95.8164182; 0.2 0.2 0.2 0.2
0.4 0.9; -135.0 -45.0 -12.7603785 -30.0; 0.1 0.1 0.1 0.1
0.4 0.9; -115.2 115.2 40.30361416 -99.90175543; 0.2 0.2 0.2 0.2
0.4 0.9; -115.2 115.2 24.07829123 -99.90175543; 0.2 0.2 0.2 0.2
0.4 0.9; -135.0 -45.0 -30.0 -30.0; 0.1 0.1 0.1 0.1
0.4 0.9; -135.0 -45.0 2.45064584 -30.0; 0.1 0.1 0.1 0.1
0.4 0.9; -135.0 -45.0 -30.0 -37.60551217; 0.1 0.1 0.1 0.1
0.4 0.9; -135.0 -12.54935416 -30.0 -30.0; 0.1 0.1 0.1 0.1
0.4 0.9; -135.0 -45.0 -30.0 19.69026734; 0.1 0.1 0.1 0.1
0.4 0.9; -115.2 115.2 -8.37235461 120.66155187; 0.2 0.2 0.2 0.2
0.4 0.9; -115.2 115.2 -8.37235461 -99.90175543; 0.2 0.2 0.2 0.2
0.4 0.9; -135.0 -45.0 159.12696004 -30.0; 0.1 0.1 0.1 0.1
0.4 0.9; -115.2 115.2 -8.37235461 -33.98616517; 0.2 0.2 0.2 0.2
0.4 0.9; -115.2 115.2 -8.37235461 39.53493726; 0.2 0.2 0.2 0.2
0.4 0.9; -135.0 -3.92954341 -30.0 -30.0; 0.1 0.1 0.1 0.1
0.4 0.9; -135.0 -45.0 -30.0 28.31007809; 0.1 0.1 0.1 0.1
0.4 0.9; -135.0 -45.0 -30.0 -22.39448783; 0.1 0.1 0.1 0.1
0.4 0.9; -115.2 115.2 6.83866974 -99.90175543; 0.2 0.2 0.2 0.2
0.4 0.9; -135.0 -45.0 35.91559026 -30.0; 0.1 0.1 0.1 0.1
0.4 0.9; -135.0 -45.0 -30.0 44.53540101; 0.1 0.1 0.1 0.1
0.4 0.9; -115.2 115.2 -8.37235461 -66.43681101; 0.2 0.2 0.2 0.2
0.4 0.9; -135.0 -45.0 -30.0 27.29577951; 0.1 0.1 0.1 0.1
0.4 0.9; -115.2 115.2 6.83866974 -99.90175543; 0.2 0.2 0.2 0.2
0.4 0.9; -135.0 -45.0 59.74642536 -30.0; 0.1 0.1 0.1 0.1
0.4 0.9; -135.0 -45.0 -30.0 -38.61981075; 0.1 0.1 0.1 0.1
0.4 0.9; -115.2 115.2 32.69810198 -99.90175543; 0.2 0.2 0.2 0.2
0.4 0.9; -115.2 115.2 -0.76684244 -99.90175543; 0.2 0.2 0.2 0.2
0.4 0.9; -135.0 -45.0 -30.0 43.52110243; 0.1 0.1 0.1 0.1
0.4 0.9; -135.0 -45.0 -37.60551217 -30.0; 0.1 0.1 0.1 0.1
0.4 0.9; -135.0 -45.0 -30.0 -6.16916491; 0.1 0.1 0.1 0.1
0.4 0.9; -135.0 -45.0 142.90163711 -30.0; 0.1 0.1 0.1 0.1
0.4 0.9; -115.2 115.2 8.86726689 -99.90175543; 0.2 0.2 0.2 0.2
0.4 0.1; 21.6 -10.8 44.51626257 71.56481074; 0.1 0.1 0.2 0.1
0.4 0.1; 57.6 -57.6 55.90316789 44.5974891; 0.2 0.1 0.1 0.1
0.4 0.1; 158.4 -158.4 -27.67247478 18.41239327; 0.2 0.1 0.1 0.2
0.4 0.1; 75.6 -57.6 -27.81548111 -70.81139393; 0.1 0.1 0.2 0.1
0.4 0.1; 39.6 -39.6 17.26124565 -71.43428703; 0.2 0.1 0.1 0.2
0.4 0.1; 21.6 151.2 -6.89453968 105.94169988; 0.2 0.2 0.2 0.2
0.4 0.1; 39.6 -25.2 64.98204708 28.86405007; 0.1 0.2 0.2 0.2
0.4 0.1; 72.0 -72.0 60.83273034 19.10041021; 0.1 0.2 0.2 0.2
0.4 0.1; 68.4 -50.4 10.95453937 43.23826771; 0.2 0.2 0.2 0.2
0.4 0.1; 36.0 -10.8 57.7897934 16.75288329; 0.2 0.2 0.2 0.2
0.4 0.1; 108.0 -82.8 1.04464894 88.73097236; 0.1 0.2 0.2 0.2
0.4 0.1; 147.6 -147.6 58.26649263 114.17243333; 0.1 0.1 0.2 0.2
0.4 0.1; 147.6 -144.0 143.52666541 -123.0531974; 0.1 0.1 0.2 0.2
0.4 0.1; 151.2 -115.2 141.48602916 94.38686787; 0.1 0.1 0.2 0.2
0.4 0.1; 3.6 126.0 45.53568026 102.6118906; 0.1 0.2 0.2 0.2
0.4 0.1; 39.6 115.2 18.02092641 100.57970165; 0.1 0.1 0.2 0.2
0.4 0.1; 136.8 -108.0 -16.5894551 93.10883865; 0.1 0.2 0.2 0.2
0.4 0.1; 57.6 -57.6 53.96499902 130.73796962; 0.2 0.1 0.1 0.2
0.4 0.1; 75.6 82.8 123.21968748 -137.57171059; 0.2 0.1 0.1 0.2
0.4 0.1; 3.6 -3.6 15.24219493 72.62876976; 0.2 0.1 0.2 0.2
0.4 0.1; 61.2 75.6 -153.22517189 157.49555121; 0.2 0.1 0.2 0.1
0.4 0.1; 50.4 -46.8 -21.99128474 -145.11563575; 0.1 0.1 0.1 0.2
0.4 0.1; 75.6 -68.4 6.63726599 -52.18369948; 0.2 0.1 0.2 0.2
0.4 0.1; 118.8 -118.8 136.87672937 35.75326793; 0.1 0.1 0.2 0.2
0.4 0.1; 104.4 43.2 99.7612743 29.04317764; 0.2 0.1 0.2 0.1
0.4 0.9; -115.2 115.2 -8.37235461 -99.90175543; 0.2 0.2 0.2 0.2
0.4 0.9; -135.0 -45.0 -30.0 -30.0; 0.1 0.1 0.1 0.1
0.4 0.9; -115.2 115.2 -8.37235461 144.49238697; 0.2 0.2 0.2 0.2
0.4 0.9; -99.98897565 115.2 -8.37235461 -99.90175543; 0.2 0.2 0.2 0.2
0.4 0.9; -135.0 -45.0 -30.0 157.09836289; 0.1 0.1 0.1 0.1
0.4 0.9; -101.53505558 -45.0 -30.0 -30.0; 0.1 0.1 0.1 0.1
0.4 0.9; -135.0 -45.0 -30.0 51.12661461; 0.1 0.1 0.1 0.1
0.4 0.9; -135.0 -45.0 -30.0 -143.57726045; 0.1 0.1 0.1 0.1
0.4 0.9; -135.0 -45.0 -30.0 124.64771704; 0.1 0.1 0.1 0.1
0.4 0.9; -106.58018925 115.2 -8.37235461 -99.90175543; 0.2 0.2 0.2 0.2
0.4 0.9; -115.2 115.2 -8.37235461 64.38007093; 0.2 0.2 0.2 0.2
0.4 0.9; -115.2 115.2 32.69810198 -99.90175543; 0.2 0.2 0.2 0.2
0.4 0.9; -115.2 115.2 -0.76684244 -99.90175543; 0.2 0.2 0.2 0.2
0.4 0.9; -135.0 -45.0 -30.0 -30.0; 0.1 0.1 0.1 0.1
0.4 0.9; -135.0 -45.0 -30.0 -152.1970712; 0.1 0.1 0.1 0.1
0.4 0.9; -135.0 -45.0 -30.0 101.83118052; 0.1 0.1 0.1 0.1
0.4 0.9; -115.2 115.2 -8.37235461 72.99988168; 0.2 0.2 0.2 0.2
0.4 0.9; -115.2 115.2 -8.37235461 153.11219772; 0.2 0.2 0.2 0.2
0.4 0.9; -115.2 115.2 -8.37235461 -92.29624326; 0.2 0.2 0.2 0.2
0.4 0.9; -135.0 -45.0 -30.0 -46.22532292; 0.1 0.1 0.1 0.1
0.4 0.9; -135.0 -45.0 -30.0 18.67596876; 0.1 0.1 0.1 0.1
0.4 0.9; -115.2 115.2 -8.37235461 129.28136262; 0.2 0.2 0.2 0.2
0.4 0.9; -135.0 -45.0 -21.38018925 -30.0; 0.1 0.1 0.1 0.1
0.4 0.9; -135.0 -45.0 -30.0 -38.61981075; 0.1 0.1 0.1 0.1
0.4 0.9; -115.2 123.81981075 -8.37235461 -99.90175543; 0.2 0.2 0.2 0.2
0.4 0.9; -135.0 -45.0 26.28148094 -30.0; 0.1 0.1 0.1 0.1
0.4 0.9; -135.0 -45.0 -30.0 158.11266146; 0.1 0.1 0.1 0.1
0.4 0.9; -115.2 115.2 -8.37235461 -41.59167734; 0.2 0.2 0.2 0.2
0.4 0.9; -135.0 -45.0 42.50680386 -30.0; 0.1 0.1 0.1 0.1
0.4 0.9; -135.0 -45.0 -30.0 -63.46494442; 0.1 0.1 0.1 0.1
0.4 0.9; -115.2 115.2 -8.37235461 146.52098412; 0.2 0.2 0.2 0.2
0.4 0.9; -135.0 127.90163711 -30.0 -30.0; 0.1 0.1 0.1 0.1
0.4 0.9; -135.0 -45.0 -30.0 141.88733854; 0.1 0.1 0.1 0.1
0.4 0.9; -135.0 -45.0 -30.0 -78.67596876; 0.1 0.1 0.1 0.1
0.4 0.9; -135.0 -45.0 158.11266146 -30.0; 0.1 0.1 0.1 0.1
0.4 0.9; -135.0 160.35228296 -30.0 -30.0; 0.1 0.1 0.1 0.1
0.4 0.9; -115.2 115.2 32.69810198 -99.90175543; 0.2 0.2 0.2 0.2
0.4 0.9; -135.0 -45.0 -30.0 -71.07045659; 0.1 0.1 0.1 0.1
0.4 0.9; -135.0 -45.0 -30.0 -161.83118052; 0.1 0.1 0.1 0.1
0.4 0.9; -115.2 115.2 -8.37235461 -99.90175543; 0.2 0.2 0.2 0.2
0.4 0.9; -115.2 115.2 -8.37235461 -59.84559742; 0.2 0.2 0.2 0.2
0.4 0.9; -135.0 -45.0 157.09836289 -30.0; 0.1 0.1 0.1 0.1
0.4 0.9; -115.2 115.2 -8.37235461 -33.98616517; 0.2 0.2 0.2 0.2
0.4 0.9; -115.2 123.81981075 -8.37235461 -99.90175543; 0.2 0.2 0.2 0.2
0.4 0.9; -135.0 143.11266146 -30.0 -30.0; 0.1 0.1 0.1 0.1
0.4 0.9; -115.2 115.2 -8.37235461 -99.90175543; 0.2 0.2 0.2 0.2
0.4 0.9; -135.0 -45.0 -12.7603785 -30.0; 0.1 0.1 0.1 0.1
0.4 0.9; -115.2 115.2 31.68380341 -99.90175543; 0.2 0.2 0.2 0.2
0.4 0.9; -86.32403124 -45.0 -30.0 -30.0; 0.1 0.1 0.1 0.1
0.4 0.9; -115.2 115.2 -8.37235461 -33.98616517; 0.2 0.2 0.2 0.2
0.4 0.9; -135.0 -45.0 -30.0 43.52110243; 0.1 0.1 0.1 0.1
0.4 0.9; -97.9603785 115.2 -8.37235461 -99.90175543; 0.2 0.2 0.2 0.2
0.4 0.9; -115.2 115.2 -8.37235461 146.52098412; 0.2 0.2 0.2 0.2
0.4 0.9; -135.0 -45.0 -30.0 -63.46494442; 0.1 0.1 0.1 0.1
0.4 0.9; -135.0 -45.0 -30.0 -87.29577951; 0.1 0.1 0.1 0.1
0.4 0.9; -119.78897565 -45.0 -30.0 -30.0; 0.1 0.1 0.1 0.1
0.4 0.9; -115.2 115.2 -8.37235461 70.97128453; 0.2 0.2 0.2 0.2
0.4 0.9; -115.2 115.2 -8.37235461 145.50668554; 0.2 0.2 0.2 0.2
0.4 0.9; -115.2 115.2 24.07829123 -99.90175543; 0.2 0.2 0.2 0.2
0.4 0.9; -135.0 -45.0 -30.0 -12.7603785; 0.1 0.1 0.1 0.1
0.4 0.9; -135.0 -45.0 -30.0 68.3662361; 0.1 0.1 0.1 0.1
0.4 0.9; -135.0 -45.0 -46.22532292 -30.0; 0.1 0.1 0.1 0.1
0.4 0.9; -126.38018925 -45.0 -30.0 -30.0; 0.1 0.1 0.1 0.1
0.4 0.9; -135.0 -45.0 -30.0 -135.97174828; 0.1 0.1 0.1 0.1
0.4 0.9; -135.0 -45.0 140.87303996 -30.0; 0.1 0.1 0.1 0.1
0.4 0.9; -135.0 -45.0 -30.0 44.53540101; 0.1 0.1 0.1 0.1
0.4 0.9; -135.0 -52.60551217 -30.0 -30.0; 0.1 0.1 0.1 0.1
0.4 0.9; -115.2 115.2 -8.37235461 129.28136262; 0.2 0.2 0.2 0.2
0.4 0.9; -135.0 -45.0 -30.0 -63.46494442; 0.1 0.1 0.1 0.1
0.4 0.9; -135.0 -45.0 -30.0 -5.15486633; 0.1 0.1 0.1 0.1
0.4 0.9; -135.0 -45.0 -31.01429858 -30.0; 0.1 0.1 0.1 0.1
0.4 0.9; -135.0 -45.0 -30.0 -136.98604685; 0.1 0.1 0.1 0.1
0.4 0.9; -135.0 -45.0 -30.0 -31.01429858; 0.1 0.1 0.1 0.1
0.4 0.9; -115.2 115.2 -8.37235461 63.36577236; 0.2 0.2 0.2 0.2
0.4 0.9; -135.0 -45.0 -30.0 -13.77467708; 0.1 0.1 0.1 0.1
0.4 0.9; -115.2 115.2 -8.37235461 48.15474801; 0.2 0.2 0.2 0.2
0.4 0.9; -135.0 -45.0 -30.0 -143.57726045; 0.1 0.1 0.1 0.1
0.4 0.9; -136.01429858 -45.0 -30.0 -30.0; 0.1 0.1 0.1 0.1
0.4 0.9; -115.2 115.2 64.13444925 -99.90175543; 0.2 0.2 0.2 0.2
0.4 0.9; -115.2 115.2 -8.37235461 55.76026019; 0.2 0.2 0.2 0.2
0.4 0.9; -135.0 -45.0 -22.39448783 -30.0; 0.1 0.1 0.1 0.1
0.4 0.9; -135.0 -45.0 -30.0 11.07045659; 0.1 0.1 0.1 0.1
0.4 0.9; -115.2 115.2 6.83866974 -99.90175543; 0.2 0.2 0.2 0.2
0.4 0.9; -135.0 -45.0 -30.0 19.69026734; 0.1 0.1 0.1 0.1
0.4 0.9; -115.2 115.2 -8.37235461 -35.00046375; 0.2 0.2 0.2 0.2
0.4 0.9; -115.2 115.2 -8.37235461 153.11219772; 0.2 0.2 0.2 0.2
0.4 0.9; -135.0 -45.0 35.91559026 -30.0; 0.1 0.1 0.1 0.1
0.4 0.9; -115.2 115.2 -8.37235461 144.49238697; 0.2 0.2 0.2 0.2
0.4 0.9; -135.0 -45.0 -30.0 34.90129169; 0.1 0.1 0.1 0.1
0.4 0.9; -135.0 -45.0 68.3662361 -30.0; 0.1 0.1 0.1 0.1
0.4 0.9; -81.73505558 115.2 -8.37235461 -99.90175543; 0.2 0.2 0.2 0.2
0.4 0.9; -135.0 -45.0 -6.16916491 -30.0; 0.1 0.1 0.1 0.1
0.4 0.9; -135.0 -45.0 -30.0 11.07045659; 0.1 0.1 0.1 0.1
0.4 0.9; -135.0 -45.0 133.26752779 -30.0; 0.1 0.1 0.1 0.1
0.4 0.9; -115.2 115.2 65.14874783 -99.90175543; 0.2 0.2 0.2 0.2
0.4 0.9; -126.38018925 -45.0 -30.0 -30.0; 0.1 0.1 0.1 0.1
0.4 0.9; -135.0 -45.0 -30.0 -136.98604685; 0.1 0.1 0.1 0.1
0.4 0.9; -115.2 115.2 48.9234249 -99.90175543; 0.2 0.2 0.2 0.2
0.4 0.9; -135.0 -45.0 -30.0 -160.81688195; 0.1 0.1 0.1 0.1
0.4 0.9; -135.0 -45.0 -37.60551217 -30.0; 0.1 0.1 0.1 0.1
0.4 0.9; -115.2 115.2 -8.37235461 39.53493726; 0.2 0.2 0.2 0.2
0.4 0.9; -135.0 12.29577951 -30.0 -30.0; 0.1 0.1 0.1 0.1
0.4 0.1; 90.0 -90.0 2.19758634 103.72060357; 0.1 0.1 0.2 0.2
0.4 0.1; -180.0 -154.8 -5.8198422 77.69462319; 0.1 0.2 0.2 0.2
0.4 0.1; 79.2 -79.2 -100.72773806 97.87526667; 0.1 0.1 0.1 0.1
0.4 0.1; 126.0 -126.0 -39.18551006 27.52082547; 0.2 0.1 0.2 0.2
0.4 0.1; 61.2 -57.6 -3.42335063 -69.53199662; 0.2 0.1 0.2 0.2
0.4 0.1; 14.4 162.0 -1.08227433 95.98695149; 0.1 0.1 0.2 0.1
0.4 0.1; 28.8 -7.2 54.19945525 37.04597575; 0.1 0.2 0.2 0.2
0.4 0.1; 25.2 -14.4 58.15926383 19.72658387; 0.1 0.2 0.2 0.2
0.4 0.1; 28.8 -7.2 35.08217983 25.00172948; 0.2 0.2 0.2 0.2
0.4 0.1; 14.4 -3.6 35.1870981 23.80345825; 0.2 0.1 0.2 0.2
0.4 0.1; 10.8 43.2 30.42419529 5.60837481; 0.2 0.2 0.2 0.2
0.4 0.1; 14.4 7.2 48.99383698 22.6417945; 0.1 0.1 0.2 0.2
0.4 0.1; 144.0 -144.0 48.58328916 96.35129295; 0.2 0.1 0.1 0.1
0.4 0.1; 93.6 -93.6 77.65312655 70.67174293; 0.1 0.1 0.1 0.1
0.4 0.1; 118.8 14.4 97.41826005 66.67283501; 0.2 0.1 0.2 0.2
0.4 0.1; 86.4 28.8 98.5629677 57.70834739; 0.1 0.1 0.2 0.1
0.4 0.1; 75.6 75.6 62.26362955 57.89437707; 0.2 0.1 0.2 0.2
0.4 0.1; 108.0 -97.2 14.72340192 65.28131505; 0.1 0.1 0.2 0.2
0.4 0.1; 115.2 -115.2 42.00173171 88.5910565; 0.1 0.1 0.1 0.1
0.4 0.1; 158.4 -158.4 148.09673128 -103.12341761; 0.2 0.1 0.2 0.1
0.4 0.1; 61.2 -61.2 -21.20236057 75.33311819; 0.2 0.1 0.2 0.2
0.4 0.1; 176.4 -162.0 86.57734742 -63.8629402; 0.1 0.1 0.1 0.2
0.4 0.1; 3.6 39.6 -68.39737884 -144.09485137; 0.1 0.1 0.1 0.2
0.4 0.1; 144.0 -133.2 -21.02954399 30.49183244; 0.1 0.2 0.2 0.2
0.4 0.1; 32.4 54.0 70.56759991 17.76398684; 0.1 0.1 0.2 0.2
0.4 0.1; 75.6 32.4 80.24173821 82.8948337; 0.1 0.1 0.2 0.2
0.4 0.9; -115.2 115.2 -8.37235461 -99.90175543; 0.2 0.2 0.2 0.2
0.4 0.9; -135.0 -45.0 -30.0 -30.0; 0.1 0.1 0.1 0.1
0.4 0.9; -135.0 -45.0 -30.0 52.14091318; 0.1 0.1 0.1 0.1
0.4 0.9; -93.92954341 -45.0 -30.0 -30.0; 0.1 0.1 0.1 0.1
0.4 0.9; -135.0 -45.0 -30.0 -88.31007809; 0.1 0.1 0.1 0.1
0.4 0.9; -115.2 114.18570142 -8.37235461 -99.90175543; 0.2 0.2 0.2 0.2
0.4 0.9; -135.0 -45.0 -30.0 -78.67596876; 0.1 0.1 0.1 0.1
0.4 0.9; -115.2 115.2 -8.37235461 -35.00046375; 0.2 0.2 0.2 0.2
0.4 0.9; -135.0 -45.0 141.88733854 -30.0; 0.1 0.1 0.1 0.1
0.4 0.9; -115.2 115.2 -8.37235461 47.14044944; 0.2 0.2 0.2 0.2
0.4 0.9; -115.2 130.41102435 -8.37235461 -99.90175543; 0.2 0.2 0.2 0.2
0.4 0.9; -101.53505558 -45.0 -30.0 -30.0; 0.1 0.1 0.1 0.1
0.4 0.9; -135.0 -45.0 -22.39448783 -30.0; 0.1 0.1 0.1 0.1
0.4 0.9; -115.2 115.2 -8.37235461 -91.28194468; 0.2 0.2 0.2 0.2
0.4 0.9; -135.0 -45.0 -30.0 149.49285071; 0.1 0.1 0.1 0.1
0.4 0.9; -115.2 115.2 -8.37235461 -83.67643251; 0.2 0.2 0.2 0.2
0.4 0.9; -115.2 115.2 -8.37235461 -58.83129884; 0.2 0.2 0.2 0.2
0.4 0.9; -115.2 139.03083509 -8.37235461 -99.90175543; 0.2 0.2 0.2 0.2
0.4 0.9; -115.2 115.2 -8.37235461 145.50668554; 0.2 0.2 0.2 0.2
0.4 0.9; -135.0 -45.0 -37.60551217 -30.0; 0.1 0.1 0.1 0.1
0.4 0.9; -135.0 -45.0 -30.0 149.49285071; 0.1 0.1 0.1 0.1
0.4 0.9; -115.2 115.2 41.31791273 -99.90175543; 0.2 0.2 0.2 0.2
0.4 0.9; -135.0 -45.0 -6.16916491 -30.0; 0.1 0.1 0.1 0.1
0.4 0.9; -135.0 -45.0 150.50714929 -30.0; 0.1 0.1 0.1 0.1
0.4 0.9; -115.2 115.2 -8.37235461 -35.00046375; 0.2 0.2 0.2 0.2
0.4 0.9; -115.2 115.2 64.13444925 -99.90175543; 0.2 0.2 0.2 0.2
0.4 0.9; -115.2 115.2 -8.37235461 -75.05662176; 0.2 0.2 0.2 0.2
0.4 0.9; -135.0 -45.0 157.09836289 -30.0; 0.1 0.1 0.1 0.1
0.4 0.9; -135.0 -45.0 19.69026734 -30.0; 0.1 0.1 0.1 0.1
0.4 0.9; -115.2 115.2 -8.37235461 -26.380653; 0.2 0.2 0.2 0.2
0.4 0.9; -135.0 -45.0 -30.0 11.07045659; 0.1 0.1 0.1 0.1
0.4 0.9; -115.2 115.2 15.45848049 -99.90175543; 0.2 0.2 0.2 0.2
0.4 0.9; -135.0 -45.0 -30.0 28.31007809; 0.1 0.1 0.1 0.1
0.4 0.9; -135.0 -45.0 -30.0 -54.84513367; 0.1 0.1 0.1 0.1
0.4 0.9; -135.0 -45.0 -30.0 68.3662361; 0.1 0.1 0.1 0.1
0.4 0.9; -135.0 -45.0 -30.0 -5.15486633; 0.1 0.1 0.1 0.1
0.4 0.9; -98.97467708 115.2 -8.37235461 -99.90175543; 0.2 0.2 0.2 0.2
0.4 0.9; -115.2 115.2 -7.35805603 -99.90175543; 0.2 0.2 0.2 0.2
0.4 0.9; -135.0 -45.0 -30.0 101.83118052; 0.1 0.1 0.1 0.1
0.4 0.9; -135.0 -45.0 -30.0 -38.61981075; 0.1 0.1 0.1 0.1
0.4 0.9; -135.0 -43.98570142 -30.0 -30.0; 0.1 0.1 0.1 0.1
0.4 0.9; -115.2 115.2 -8.37235461 -82.66213393; 0.2 0.2 0.2 0.2
0.4 0.9; -115.2 115.2 -8.37235461 -27.39495157; 0.2 0.2 0.2 0.2
0.4 0.9; -135.0 -21.16916491 -30.0 -30.0; 0.1 0.1 0.1 0.1
0.4 0.9; -115.2 115.2 0.24745614 -99.90175543; 0.2 0.2 0.2 0.2
0.4 0.9; -135.0 -45.0 -30.0 -160.81688195; 0.1 0.1 0.1 0.1
0.4 0.9; -135.0 135.50714929 -30.0 -30.0; 0.1 0.1 0.1 0.1
0.4 0.9; -135.0 11.28148094 -30.0 -30.0; 0.1 0.1 0.1 0.1
0.4 0.9; -135.0 -45.0 -30.0 10.05615802; 0.1 0.1 0.1 0.1
0.4 0.9; -135.0 -45.0 -46.22532292 -30.0; 0.1 0.1 0.1 0.1
0.4 0.9; -115.2 115.2 -8.37235461 -164.80304712; 0.2 0.2 0.2 0.2
0.4 0.9; -135.0 -45.0 -30.0 76.98604685; 0.1 0.1 0.1 0.1
0.4 0.9; -135.0 -45.0 -30.0 52.14091318; 0.1 0.1 0.1 0.1
0.4 0.9; -94.94384198 -45.0 -30.0 -30.0; 0.1 0.1 0.1 0.1
0.4 0.9; -115.2 115.2 -8.37235461 -42.60597592; 0.2 0.2 0.2 0.2
0.4 0.9; -135.0 -45.0 -46.22532292 -30.0; 0.1 0.1 0.1 0.1
0.4 0.9; -115.2 115.2 -8.37235461 -84.69073109; 0.2 0.2 0.2 0.2
0.4 0.9; -135.0 -45.0 -30.0 -159.80258337; 0.1 0.1 0.1 0.1
0.4 0.9; -98.97467708 115.2 -8.37235461 -99.90175543; 0.2 0.2 0.2 0.2
0.4 0.9; -135.0 -45.0 -30.0 -152.1970712; 0.1 0.1 0.1 0.1
0.4 0.9; -135.0 -45.0 -30.0 149.49285071; 0.1 0.1 0.1 0.1
0.4 0.9; -135.0 142.09836289 -30.0 -30.0; 0.1 0.1 0.1 0.1
0.4 0.9; -135.0 -45.0 -12.7603785 -30.0; 0.1 0.1 0.1 0.1
0.4 0.9; -135.0 -45.0 76.98604685 -30.0; 0.1 0.1 0.1 0.1
0.4 0.9; -135.0 -45.0 -30.0 140.87303996; 0.1 0.1 0.1 0.1
0.4 0.9; -115.2 140.04513367 -8.37235461 -99.90175543; 0.2 0.2 0.2 0.2
0.4 0.9; -115.2 115.2 -8.37235461 -75.05662176; 0.2 0.2 0.2 0.2
0.4 0.9; -135.0 -45.0 -30.0 -6.16916491; 0.1 0.1 0.1 0.1
0.4 0.9; -135.0 11.28148094 -30.0 -30.0; 0.1 0.1 0.1 0.1
0.4 0.9; -135.0 -45.0 27.29577951 -30.0; 0.1 0.1 0.1 0.1
0.4 0.9; -115.2 115.2 6.83866974 -99.90175543; 0.2 0.2 0.2 0.2
0.4 0.9; -115.2 115.2 32.69810198 -99.90175543; 0.2 0.2 0.2 0.2
0.4 0.9; -115.2 115.2 57.54323565 -99.90175543; 0.2 0.2 0.2 0.2
0.4 0.9; -115.2 115.2 -8.37235461 -98.88745686; 0.2 0.2 0.2 0.2
0.4 0.9; -115.2 115.2 -8.37235461 136.88687479; 0.2 0.2 0.2 0.2
0.4 0.9; -135.0 -45.0 -31.01429858 -30.0; 0.1 0.1 0.1 0.1
0.4 0.9; -135.0 -45.0 -30.0 -79.69026734; 0.1 0.1 0.1 0.1
0.4 0.9; -135.0 -45.0 -30.0 -30.0; 0.1 0.1 0.1 0.1
0.4 0.9; -115.2 115.2 -8.37235461 -67.45110959; 0.2 0.2 0.2 0.2
0.4 0.9; -135.0 -45.0 -30.0 93.21136977; 0.1 0.1 0.1 0.1
0.4 0.9; -115.2 115.2 64.13444925 -99.90175543; 0.2 0.2 0.2 0.2
0.4 0.9; -135.0 150.71817363 -30.0 -30.0; 0.1 0.1 0.1 0.1
0.4 0.9; -135.0 -45.0 -30.0 -63.46494442; 0.1 0.1 0.1 0.1
0.4 0.9; -135.0 -45.0 159.12696004 -30.0; 0.1 0.1 0.1 0.1
0.4 0.9; -115.2 115.2 -8.37235461 121.67585045; 0.2 0.2 0.2 0.2
0.4 0.9; -135.0 -45.0 18.67596876 -30.0; 0.1 0.1 0.1 0.1
0.4 0.9; -115.2 115.2 -8.37235461 120.66155187; 0.2 0.2 0.2 0.2
0.4 0.9; -115.2 115.2 -8.37235461 162.74630704; 0.2 0.2 0.2 0.2
0.4 0.9; -135.0 -45.0 68.3662361 -30.0; 0.1 0.1 0.1 0.1
0.4 0.9; -85.30973266 -45.0 -30.0 -30.0; 0.1 0.1 0.1 0.1
0.4 0.9; -115.2 115.2 40.30361416 -99.90175543; 0.2 0.2 0.2 0.2
0.4 0.9; -135.0 -45.0 3.46494442 -30.0; 0.1 0.1 0.1 0.1
0.4 0.9; -114.18570142 115.2 -8.37235461 -99.90175543; 0.2 0.2 0.2 0.2
0.4 0.9; -115.2 115.2 -8.37235461 113.0560397; 0.2 0.2 0.2 0.2
0.4 0.9; -115.2 115.2 7.85296831 -99.90175543; 0.2 0.2 0.2 0.2
0.4 0.9; -135.0 -45.0 -30.0 -145.6058576; 0.1 0.1 0.1 0.1
0.4 0.9; -76.68992191 -45.0 -30.0 -30.0; 0.1 0.1 0.1 0.1
0.4 0.9; -93.92954341 -45.0 -30.0 -30.0; 0.1 0.1 0.1 0.1
0.4 0.9; -135.0 -45.0 -30.0 -21.38018925; 0.1 0.1 0.1 0.1
0.4 0.9; -135.0 -45.0 158.11266146 -30.0; 0.1 0.1 0.1 0.1
0.4 0.9; -135.0 135.50714929 -30.0 -30.0; 0.1 0.1 0.1 0.1
0.4 0.9; -135.0 4.69026734 -30.0 -30.0; 0.1 0.1 0.1 0.1
0.4 0.1; 151.2 -147.6 40.73504397 51.42011386; 0.1 0.2 0.2 0.1
0.4 0.1; 147.6 -136.8 8.71374647 86.60832027; 0.1 0.2 0.2 0.2
0.4 0.1; 176.4 -162.0 34.47990133 -117.95878735; 0.1 0.1 0.2 0.2
0.4 0.1; 129.6 -129.6 24.16151812 -79.20298542; 0.1 0.1 0.2 0.2
0.4 0.1; 57.6 -46.8 3.90408233 -67.3292635; 0.1 0.1 0.2 0.2
0.4 0.1; 104.4 -14.4 104.5403541 80.75650475; 0.1 0.1 0.2 0.2
0.4 0.1; 79.2 -75.6 41.5376903 86.60707498; 0.2 0.2 0.2 0.2
0.4 0.1; 115.2 -104.4 42.08844958 10.75854877; 0.1 0.2 0.2 0.2
0.4 0.1; 7.2 7.2 52.03606868 -15.89963322; 0.1 0.2 0.2 0.2
0.4 0.1; 21.6 18.0 44.68496486 13.36980944; 0.2 0.2 0.2 0.2
0.4 0.1; 43.2 -18.0 47.01109347 7.43233577; 0.2 0.1 0.2 0.2
0.4 0.1; 10.8 14.4 45.62585782 21.86789651; 0.1 0.1 0.2 0.2
0.4 0.1; 86.4 -75.6 70.39273971 89.41507007; 0.1 0.1 0.1 0.2
0.4 0.1; 144.0 -144.0 25.34606288 122.7819758; 0.1 0.1 0.2 0.2
0.4 0.1; 10.8 162.0 11.62731388 85.79382442; 0.1 0.1 0.2 0.1
0.4 0.1; 36.0 111.6 41.95457637 80.87897413; 0.1 0.1 0.2 0.1
0.4 0.1; 100.8 54.0 64.12421454 75.76982299; 0.2 0.1 0.2 0.2
0.4 0.1; 50.4 -50.4 42.23704441 67.27968845; 0.1 0.1 0.2 0.2
0.4 0.1; 36.0 -36.0 52.10858952 99.32441958; 0.1 0.1 0.1 0.2
0.4 0.1; 68.4 -28.8 161.55700919 -76.98189988; 0.1 0.1 0.2 0.2
0.4 0.1; 28.8 -18.0 -0.37164549 43.61159517; 0.1 0.1 0.2 0.2
0.4 0.1; 165.6 -158.4 23.51144186 12.3895322; 0.2 0.1 0.1 0.2
0.4 0.1; 129.6 -129.6 -5.61085933 -128.10783249; 0.1 0.1 0.1 0.1
0.4 0.1; 79.2 -75.6 17.32677516 -34.20697493; 0.1 0.1 0.2 0.2
0.4 0.1; 93.6 -75.6 147.34145323 -5.42683424; 0.1 0.1 0.2 0.2
0.4 0.1; 97.2 -10.8 103.88354791 80.58782249; 0.1 0.1 0.2 0.2
0.4 0.9; -115.2 115.2 -8.37235461 -99.90175543; 0.2 0.2 0.2 0.2
0.4 0.9; -135.0 -45.0 -30.0 -30.0; 0.1 0.1 0.1 0.1
0.4 0.9; -135.0 -45.0 18.67596876 -30.0; 0.1 0.1 0.1 0.1
0.4 0.9; -135.0 -45.0 -30.0 92.1970712; 0.1 0.1 0.1 0.1
0.4 0.9; -135.0 -45.0 -31.01429858 -30.0; 0.1 0.1 0.1 0.1
0.4 0.9; -135.0 -45.0 -30.0 101.83118052; 0.1 0.1 0.1 0.1
0.4 0.9; -135.0 -45.0 134.28182637 -30.0; 0.1 0.1 0.1 0.1
0.4 0.9; -135.0 -43.98570142 -30.0 -30.0; 0.1 0.1 0.1 0.1
0.4 0.9; -135.0 -45.0 27.29577951 -30.0; 0.1 0.1 0.1 0.1
0.4 0.9; -135.0 -43.98570142 -30.0 -30.0; 0.1 0.1 0.1 0.1
0.4 0.9; -135.0 -45.0 -30.0 -71.07045659; 0.1 0.1 0.1 0.1
0.4 0.9; -115.2 115.2 -9.38665318 -99.90175543; 0.2 0.2 0.2 0.2
0.4 0.9; -115.2 115.2 -9.38665318 -99.90175543; 0.2 0.2 0.2 0.2
0.4 0.9; -135.0 -45.0 67.35193753 -30.0; 0.1 0.1 0.1 0.1
0.4 0.9; -115.2 115.2 -8.37235461 -76.07092034; 0.2 0.2 0.2 0.2
0.4 0.9; -115.2 115.2 -8.37235461 121.67585045; 0.2 0.2 0.2 0.2
0.4 0.9; -115.2 115.2 -8.37235461 -26.380653; 0.2 0.2 0.2 0.2
0.4 0.9; -135.0 -45.0 18.67596876 -30.0; 0.1 0.1 0.1 0.1
0.4 0.9; -135.0 -45.0 -13.77467708 -30.0; 0.1 0.1 0.1 0.1
0.4 0.9; -135.0 -45.0 2.45064584 -30.0; 0.1 0.1 0.1 0.1
0.4 0.9; -115.2 115.2 24.07829123 -99.90175543; 0.2 0.2 0.2 0.2
0.4 0.9; -135.0 -45.0 -30.0 109.4366927; 0.1 0.1 0.1 0.1
0.4 0.9; -115.2 115.2 -8.37235461 -67.45110959; 0.2 0.2 0.2 0.2
0.4 0.9; -115.2 115.2 -8.37235461 154.12649629; 0.2 0.2 0.2 0.2
0.4 0.9; -115.2 115.2 -8.37235461 47.14044944; 0.2 0.2 0.2 0.2
0.4 0.9; -135.0 3.67596876 -30.0 -30.0; 0.1 0.1 0.1 0.1
0.4 0.9; -135.0 -45.0 150.50714929 -30.0; 0.1 0.1 0.1 0.1
0.4 0.9; -115.2 115.2 -8.37235461 39.53493726; 0.2 0.2 0.2 0.2
0.4 0.9; -135.0 -45.0 -30.0 -30.0; 0.1 0.1 0.1 0.1
0.4 0.9; -115.2 115.2 -8.37235461 130.2956612; 0.2 0.2 0.2 0.2
0.4 0.9; -135.0 -45.0 -30.0 -14.78897565; 0.1 0.1 0.1 0.1
0.4 0.9; -135.0 -45.0 -30.0 28.31007809; 0.1 0.1 0.1 0.1
0.4 0.9; -115.2 115.2 8.86726689 -99.90175543; 0.2 0.2 0.2 0.2
0.4 0.9; -115.2 115.2 66.1630464 -99.90175543; 0.2 0.2 0.2 0.2
0.4 0.9; -135.0 -45.0 -30.0 68.3662361; 0.1 0.1 0.1 0.1
0.4 0.9; -135.0 -45.0 43.52110243 -30.0; 0.1 0.1 0.1 0.1
0.4 0.9; -135.0 -11.53505558 -30.0 -30.0; 0.1 0.1 0.1 0.1
0.4 0.9; -115.2 115.2 -8.37235461 -99.90175543; 0.2 0.2 0.2 0.2
0.4 0.9; -115.2 115.2 -8.37235461 96.83071678; 0.2 0.2 0.2 0.2
0.4 0.9; -115.2 115.2 -8.37235461 96.83071678; 0.2 0.2 0.2 0.2
0.4 0.9; -135.0 -45.0 59.74642536 -30.0; 0.1 0.1 0.1 0.1
0.4 0.9; -118.77467708 -45.0 -30.0 -30.0; 0.1 0.1 0.1 0.1
0.4 0.9; -135.0 -45.0 -30.0 -14.78897565; 0.1 0.1 0.1 0.1
0.4 0.9; -115.2 123.81981075 -8.37235461 -99.90175543; 0.2 0.2 0.2 0.2
0.4 0.9; -135.0 143.11266146 -30.0 -30.0; 0.1 0.1 0.1 0.1
0.4 0.9; -115.2 115.2 -8.37235461 104.43622895; 0.2 0.2 0.2 0.2
0.4 0.9; -135.0 -45.0 -30.0 59.74642536; 0.1 0.1 0.1 0.1
0.4 0.9; -115.2 115.2 -8.37235461 -59.84559742; 0.2 0.2 0.2 0.2
0.4 0.9; -135.0 -45.0 -30.0 150.50714929; 0.1 0.1 0.1 0.1
0.4 0.9; -115.2 115.2 -7.35805603 -99.90175543; 0.2 0.2 0.2 0.2
0.4 0.9; -115.2 115.2 -8.37235461 -100.91605401; 0.2 0.2 0.2 0.2
0.4 0.9; -135.0 -45.0 -30.0 60.76072393; 0.1 0.1 0.1 0.1
0.4 0.9; -135.0 -45.0 -30.0 159.12696004; 0.1 0.1 0.1 0.1
0.4 0.9; -135.0 -45.0 -30.0 51.12661461; 0.1 0.1 0.1 0.1
0.4 0.9; -135.0 -45.0 -22.39448783 -30.0; 0.1 0.1 0.1 0.1
0.4 0.9; -115.2 115.2 -8.37235461 70.97128453; 0.2 0.2 0.2 0.2
0.4 0.9; -115.2 115.2 -8.37235461 -66.43681101; 0.2 0.2 0.2 0.2
0.4 0.9; -115.2 115.2 66.1630464 -99.90175543; 0.2 0.2 0.2 0.2
0.4 0.9; -115.2 115.2 -8.37235461 55.76026019; 0.2 0.2 0.2 0.2
0.4 0.9; -115.2 115.2 -8.37235461 96.83071678; 0.2 0.2 0.2 0.2
0.4 0.9; -115.2 115.2 -8.37235461 63.36577236; 0.2 0.2 0.2 0.2
0.4 0.9; -135.0 -45.0 -30.0 11.07045659; 0.1 0.1 0.1 0.1
0.4 0.9; -115.2 115.2 -8.37235461 128.26706404; 0.2 0.2 0.2 0.2
0.4 0.9; -115.2 115.2 64.13444925 -99.90175543; 0.2 0.2 0.2 0.2
0.4 0.9; -115.2 115.2 -8.37235461 -83.67643251; 0.2 0.2 0.2 0.2
0.4 0.9; -135.0 144.12696004 -30.0 -30.0; 0.1 0.1 0.1 0.1
0.4 0.9; -135.0 -45.0 11.07045659 -30.0; 0.1 0.1 0.1 0.1
0.4 0.9; -135.0 -45.0 140.87303996 -30.0; 0.1 0.1 0.1 0.1
0.4 0.9; -135.0 -45.0 68.3662361 -30.0; 0.1 0.1 0.1 0.1
0.4 0.9; -135.0 -45.0 -30.0 149.49285071; 0.1 0.1 0.1 0.1
0.4 0.9; -135.0 -45.0 134.28182637 -30.0; 0.1 0.1 0.1 0.1
0.4 0.9; -135.0 -36.38018925 -30.0 -30.0; 0.1 0.1 0.1 0.1
0.4 0.9; -135.0 -45.0 -30.0 -30.0; 0.1 0.1 0.1 0.1
0.4 0.9; -115.2 115.2 -8.37235461 -41.59167734; 0.2 0.2 0.2 0.2
0.4 0.9; -135.0 -45.0 -30.0 -53.83083509; 0.1 0.1 0.1 0.1
0.4 0.9; -115.2 115.2 -8.37235461 -66.43681101; 0.2 0.2 0.2 0.2
0.4 0.9; -115.2 115.2 -8.37235461 -58.83129884; 0.2 0.2 0.2 0.2
0.4 0.9; -135.0 -45.0 -30.0 -87.29577951; 0.1 0.1 0.1 0.1
0.4 0.9; -135.0 -45.0 67.35193753 -30.0; 0.1 0.1 0.1 0.1
0.4 0.9; -115.2 115.2 -8.37235461 -17.76084225; 0.2 0.2 0.2 0.2
0.4 0.9; -135.0 -45.0 -30.0 67.35193753; 0.1 0.1 0.1 0.1
0.4 0.9; -135.0 -45.0 -30.0 42.50680386; 0.1 0.1 0.1 0.1
0.4 0.9; -135.0 -45.0 -30.0 142.90163711; 0.1 0.1 0.1 0.1
0.4 0.9; -114.18570142 115.2 -8.37235461 -99.90175543; 0.2 0.2 0.2 0.2
0.4 0.9; -115.2 115.2 -8.37235461 146.52098412; 0.2 0.2 0.2 0.2
0.4 0.9; -135.0 -45.0 18.67596876 -30.0; 0.1 0.1 0.1 0.1
0.4 0.9; -115.2 115.2 0.24745614 -99.90175543; 0.2 0.2 0.2 0.2
0.4 0.9; -115.2 115.2 -8.37235461 120.66155187; 0.2 0.2 0.2 0.2
0.4 0.9; -135.0 -45.0 35.91559026 -30.0; 0.1 0.1 0.1 0.1
0.4 0.9; -135.0 -45.0 -30.0 -22.39448783; 0.1 0.1 0.1 0.1
0.4 0.9; -135.0 -45.0 -30.0 18.67596876; 0.1 0.1 0.1 0.1
0.4 0.9; -135.0 -45.0 -30.0 11.07045659; 0.1 0.1 0.1 0.1
0.4 0.9; -115.2 115.2 7.85296831 -99.90175543; 0.2 0.2 0.2 0.2
0.4 0.9; -115.2 115.2 -8.37235461 -98.88745686; 0.2 0.2 0.2 0.2
0.4 0.9; -135.0 -45.0 -30.0 99.80258337; 0.1 0.1 0.1 0.1
0.4 0.9; -115.2 115.2 -8.37235461 -59.84559742; 0.2 0.2 0.2 0.2
0.4 0.9; -135.0 -45.0 60.76072393 -30.0; 0.1 0.1 0.1 0.1
0.4 0.9; -115.2 115.2 -8.37235461 120.66155187; 0.2 0.2 0.2 0.2
0.4 0.9; -135.0 -21.16916491 -30.0 -30.0; 0.1 0.1 0.1 0.1
0.4 0.9; -135.0 -21.16916491 -30.0 -30.0; 0.1 0.1 0.1 0.1
0.4 0.9; -115.2 115.2 -8.37235461 128.26706404; 0.2 0.2 0.2 0.2
0.4 0.9; -135.0 127.90163711 -30.0 -30.0; 0.1 0.1 0.1 0.1
